Archive member included to satisfy reference by file (symbol)

c:/program files (x86)/atollic/truestudio for stm32 9.3.0/armtools/bin/../lib/gcc/arm-atollic-eabi/6.3.1/../../../../arm-atollic-eabi/lib/armv7e-m/fpu\libc.a(lib_a-atoi.o)
                              src\stm32f4xx_it.o (atoi)
c:/program files (x86)/atollic/truestudio for stm32 9.3.0/armtools/bin/../lib/gcc/arm-atollic-eabi/6.3.1/../../../../arm-atollic-eabi/lib/armv7e-m/fpu\libc.a(lib_a-init.o)
                              src\startup_stm32f40xx.o (__libc_init_array)
c:/program files (x86)/atollic/truestudio for stm32 9.3.0/armtools/bin/../lib/gcc/arm-atollic-eabi/6.3.1/../../../../arm-atollic-eabi/lib/armv7e-m/fpu\libc.a(lib_a-memset.o)
                              src\main.o (memset)
c:/program files (x86)/atollic/truestudio for stm32 9.3.0/armtools/bin/../lib/gcc/arm-atollic-eabi/6.3.1/../../../../arm-atollic-eabi/lib/armv7e-m/fpu\libc.a(lib_a-sprintf.o)
                              src\main.o (sprintf)
c:/program files (x86)/atollic/truestudio for stm32 9.3.0/armtools/bin/../lib/gcc/arm-atollic-eabi/6.3.1/../../../../arm-atollic-eabi/lib/armv7e-m/fpu\libc.a(lib_a-strcat.o)
                              src\main.o (strcat)
c:/program files (x86)/atollic/truestudio for stm32 9.3.0/armtools/bin/../lib/gcc/arm-atollic-eabi/6.3.1/../../../../arm-atollic-eabi/lib/armv7e-m/fpu\libc.a(lib_a-strcspn.o)
                              src\stm32f4xx_it.o (strcspn)
c:/program files (x86)/atollic/truestudio for stm32 9.3.0/armtools/bin/../lib/gcc/arm-atollic-eabi/6.3.1/../../../../arm-atollic-eabi/lib/armv7e-m/fpu\libc.a(lib_a-strlen.o)
                              src\main.o (strlen)
c:/program files (x86)/atollic/truestudio for stm32 9.3.0/armtools/bin/../lib/gcc/arm-atollic-eabi/6.3.1/../../../../arm-atollic-eabi/lib/armv7e-m/fpu\libc.a(lib_a-strncmp.o)
                              src\stm32f4xx_it.o (strncmp)
c:/program files (x86)/atollic/truestudio for stm32 9.3.0/armtools/bin/../lib/gcc/arm-atollic-eabi/6.3.1/../../../../arm-atollic-eabi/lib/armv7e-m/fpu\libc.a(lib_a-strtod.o)
                              src\stm32f4xx_it.o (strtod)
c:/program files (x86)/atollic/truestudio for stm32 9.3.0/armtools/bin/../lib/gcc/arm-atollic-eabi/6.3.1/../../../../arm-atollic-eabi/lib/armv7e-m/fpu\libc.a(lib_a-strtol.o)
                              c:/program files (x86)/atollic/truestudio for stm32 9.3.0/armtools/bin/../lib/gcc/arm-atollic-eabi/6.3.1/../../../../arm-atollic-eabi/lib/armv7e-m/fpu\libc.a(lib_a-atoi.o) (_strtol_r)
c:/program files (x86)/atollic/truestudio for stm32 9.3.0/armtools/bin/../lib/gcc/arm-atollic-eabi/6.3.1/../../../../arm-atollic-eabi/lib/armv7e-m/fpu\libc.a(lib_a-svfprintf.o)
                              c:/program files (x86)/atollic/truestudio for stm32 9.3.0/armtools/bin/../lib/gcc/arm-atollic-eabi/6.3.1/../../../../arm-atollic-eabi/lib/armv7e-m/fpu\libc.a(lib_a-sprintf.o) (_svfprintf_r)
c:/program files (x86)/atollic/truestudio for stm32 9.3.0/armtools/bin/../lib/gcc/arm-atollic-eabi/6.3.1/../../../../arm-atollic-eabi/lib/armv7e-m/fpu\libc.a(lib_a-dtoa.o)
                              c:/program files (x86)/atollic/truestudio for stm32 9.3.0/armtools/bin/../lib/gcc/arm-atollic-eabi/6.3.1/../../../../arm-atollic-eabi/lib/armv7e-m/fpu\libc.a(lib_a-svfprintf.o) (_dtoa_r)
c:/program files (x86)/atollic/truestudio for stm32 9.3.0/armtools/bin/../lib/gcc/arm-atollic-eabi/6.3.1/../../../../arm-atollic-eabi/lib/armv7e-m/fpu\libc.a(lib_a-gdtoa-gethex.o)
                              c:/program files (x86)/atollic/truestudio for stm32 9.3.0/armtools/bin/../lib/gcc/arm-atollic-eabi/6.3.1/../../../../arm-atollic-eabi/lib/armv7e-m/fpu\libc.a(lib_a-strtod.o) (__gethex)
c:/program files (x86)/atollic/truestudio for stm32 9.3.0/armtools/bin/../lib/gcc/arm-atollic-eabi/6.3.1/../../../../arm-atollic-eabi/lib/armv7e-m/fpu\libc.a(lib_a-gdtoa-hexnan.o)
                              c:/program files (x86)/atollic/truestudio for stm32 9.3.0/armtools/bin/../lib/gcc/arm-atollic-eabi/6.3.1/../../../../arm-atollic-eabi/lib/armv7e-m/fpu\libc.a(lib_a-strtod.o) (__match)
c:/program files (x86)/atollic/truestudio for stm32 9.3.0/armtools/bin/../lib/gcc/arm-atollic-eabi/6.3.1/../../../../arm-atollic-eabi/lib/armv7e-m/fpu\libc.a(lib_a-impure.o)
                              c:/program files (x86)/atollic/truestudio for stm32 9.3.0/armtools/bin/../lib/gcc/arm-atollic-eabi/6.3.1/../../../../arm-atollic-eabi/lib/armv7e-m/fpu\libc.a(lib_a-sprintf.o) (_impure_ptr)
c:/program files (x86)/atollic/truestudio for stm32 9.3.0/armtools/bin/../lib/gcc/arm-atollic-eabi/6.3.1/../../../../arm-atollic-eabi/lib/armv7e-m/fpu\libc.a(lib_a-locale.o)
                              c:/program files (x86)/atollic/truestudio for stm32 9.3.0/armtools/bin/../lib/gcc/arm-atollic-eabi/6.3.1/../../../../arm-atollic-eabi/lib/armv7e-m/fpu\libc.a(lib_a-strtol.o) (__locale_ctype_ptr_l)
[...]
Memory Configuration

Name             Origin             Length             Attributes
FLASH            0x08000000         0x00100000         xr
RAM              0x20000000         0x00020000         xrw
MEMORY_B1        0x60000000         0x00000000         xr
CCMRAM           0x10000000         0x00010000         rw
*default*        0x00000000         0xffffffff

Linker script and memory map

LOAD c:/program files (x86)/atollic/truestudio for stm32 9.3.0/armtools/bin/../lib/gcc/arm-atollic-eabi/6.3.1/armv7e-m/fpu/crti.o
LOAD c:/program files (x86)/atollic/truestudio for stm32 9.3.0/armtools/bin/../lib/gcc/arm-atollic-eabi/6.3.1/armv7e-m/fpu/crtbegin.o
LOAD Libraries\STM32F4xx_StdPeriph_Driver\src\misc.o
LOAD Libraries\STM32F4xx_StdPeriph_Driver\src\stm32f4xx_adc.o
LOAD Libraries\STM32F4xx_StdPeriph_Driver\src\stm32f4xx_can.o
LOAD Libraries\STM32F4xx_StdPeriph_Driver\src\stm32f4xx_crc.o
LOAD Libraries\STM32F4xx_StdPeriph_Driver\src\stm32f4xx_cryp.o
LOAD Libraries\STM32F4xx_StdPeriph_Driver\src\stm32f4xx_cryp_aes.o
LOAD Libraries\STM32F4xx_StdPeriph_Driver\src\stm32f4xx_cryp_des.o
LOAD Libraries\STM32F4xx_StdPeriph_Driver\src\stm32f4xx_cryp_tdes.o
LOAD Libraries\STM32F4xx_StdPeriph_Driver\src\stm32f4xx_dac.o
LOAD Libraries\STM32F4xx_StdPeriph_Driver\src\stm32f4xx_dbgmcu.o
LOAD Libraries\STM32F4xx_StdPeriph_Driver\src\stm32f4xx_dcmi.o
LOAD Libraries\STM32F4xx_StdPeriph_Driver\src\stm32f4xx_dma.o
LOAD Libraries\STM32F4xx_StdPeriph_Driver\src\stm32f4xx_exti.o
LOAD Libraries\STM32F4xx_StdPeriph_Driver\src\stm32f4xx_flash.o
LOAD Libraries\STM32F4xx_StdPeriph_Driver\src\stm32f4xx_fsmc.o
LOAD Libraries\STM32F4xx_StdPeriph_Driver\src\stm32f4xx_gpio.o
LOAD Libraries\STM32F4xx_StdPeriph_Driver\src\stm32f4xx_hash.o
LOAD Libraries\STM32F4xx_StdPeriph_Driver\src\stm32f4xx_hash_md5.o
LOAD Libraries\STM32F4xx_StdPeriph_Driver\src\stm32f4xx_hash_sha1.o
LOAD Libraries\STM32F4xx_StdPeriph_Driver\src\stm32f4xx_i2c.o
LOAD Libraries\STM32F4xx_StdPeriph_Driver\src\stm32f4xx_iwdg.o
LOAD Libraries\STM32F4xx_StdPeriph_Driver\src\stm32f4xx_pwr.o
LOAD Libraries\STM32F4xx_StdPeriph_Driver\src\stm32f4xx_rcc.o
LOAD Libraries\STM32F4xx_StdPeriph_Driver\src\stm32f4xx_rng.o
LOAD Libraries\STM32F4xx_StdPeriph_Driver\src\stm32f4xx_rtc.o
LOAD Libraries\STM32F4xx_StdPeriph_Driver\src\stm32f4xx_sdio.o
LOAD Libraries\STM32F4xx_StdPeriph_Driver\src\stm32f4xx_spi.o
LOAD Libraries\STM32F4xx_StdPeriph_Driver\src\stm32f4xx_syscfg.o
LOAD Libraries\STM32F4xx_StdPeriph_Driver\src\stm32f4xx_tim.o
LOAD Libraries\STM32F4xx_StdPeriph_Driver\src\stm32f4xx_usart.o
LOAD Libraries\STM32F4xx_StdPeriph_Driver\src\stm32f4xx_wwdg.o
LOAD Utilities\STM32F4-Discovery\stm32f4_discovery.o
LOAD Utilities\STM32F4-Discovery\stm32f4_discovery_lis302dl.o
LOAD src\main.o
LOAD src\pwm.o
LOAD src\startup_stm32f40xx.o
LOAD src\stm32f4xx_it.o
LOAD src\system_stm32f4xx.o
LOAD src\tm_stm32f4_adc.o
LOAD src\tm_stm32f4_gpio.o
LOAD c:/program files (x86)/atollic/truestudio for stm32 9.3.0/armtools/bin/../lib/gcc/arm-atollic-eabi/6.3.1/../../../../arm-atollic-eabi/lib/armv7e-m/fpu\libm.a
                0x00000080                malloc_getpagesize_P = 0x80
START GROUP
LOAD c:/program files (x86)/atollic/truestudio for stm32 9.3.0/armtools/bin/../lib/gcc/arm-atollic-eabi/6.3.1/../../../../arm-atollic-eabi/lib/armv7e-m/fpu\libc.a
LOAD c:/program files (x86)/atollic/truestudio for stm32 9.3.0/armtools/bin/../lib/gcc/arm-atollic-eabi/6.3.1/../../../../arm-atollic-eabi/lib/armv7e-m/fpu\libm.a
END GROUP
START GROUP
LOAD c:/program files (x86)/atollic/truestudio for stm32 9.3.0/armtools/bin/../lib/gcc/arm-atollic-eabi/6.3.1/armv7e-m/fpu\libgcc.a
LOAD c:/program files (x86)/atollic/truestudio for stm32 9.3.0/armtools/bin/../lib/gcc/arm-atollic-eabi/6.3.1/../../../../arm-atollic-eabi/lib/armv7e-m/fpu\libc.a
END GROUP
START GROUP
LOAD c:/program files (x86)/atollic/truestudio for stm32 9.3.0/armtools/bin/../lib/gcc/arm-atollic-eabi/6.3.1/armv7e-m/fpu\libgcc.a
LOAD c:/program files (x86)/atollic/truestudio for stm32 9.3.0/armtools/bin/../lib/gcc/arm-atollic-eabi/6.3.1/../../../../arm-atollic-eabi/lib/armv7e-m/fpu\libc.a
LOAD c:/program files (x86)/atollic/truestudio for stm32 9.3.0/armtools/bin/../lib/gcc/arm-atollic-eabi/6.3.1/../../../../arm-atollic-eabi/lib/armv7e-m/fpu\libnosys.a
END GROUP
LOAD c:/program files (x86)/atollic/truestudio for stm32 9.3.0/armtools/bin/../lib/gcc/arm-atollic-eabi/6.3.1/armv7e-m/fpu/crtend.o
LOAD c:/program files (x86)/atollic/truestudio for stm32 9.3.0/armtools/bin/../lib/gcc/arm-atollic-eabi/6.3.1/armv7e-m/fpu/crtn.o
                0x20020000                _estack = 0x20020000
                0x00000000                _Min_Heap_Size = 0x0
                0x00000400                _Min_Stack_Size = 0x400

.isr_vector     0x08000000      0x188
                0x08000000                . = ALIGN (0x4)
 *(.isr_vector)
 .isr_vector    0x08000000      0x188 src\startup_stm32f40xx.o
                0x08000000                g_pfnVectors
                0x08000188                . = ALIGN (0x4)

.text           0x08000190     0xa614
                0x08000190                . = ALIGN (0x4)
 *(.text)
 .text          0x08000190       0x40 c:/program files (x86)/atollic/truestudio for stm32 9.3.0/armtools/bin/../lib/gcc/arm-atollic-eabi/6.3.1/armv7e-m/fpu/crtbegin.o
 .text          0x080001d0       0x10 c:/program files (x86)/atollic/truestudio for stm32 9.3.0/armtools/bin/../lib/gcc/arm-atollic-eabi/6.3.1/../../../../arm-atollic-eabi/lib/armv7e-m/fpu\libc.a(lib_a-strlen.o)
                0x080001d0                strlen
 .text          0x080001e0       0xa0 c:/program files (x86)/atollic/truestudio for stm32 9.3.0/armtools/bin/../lib/gcc/arm-atollic-eabi/6.3.1/../../../../arm-atollic-eabi/lib/armv7e-m/fpu\libc.a(lib_a-memchr.o)
                0x080001e0                memchr
 .text          0x08000280      0x370 c:/program files (x86)/atollic/truestudio for stm32 9.3.0/armtools/bin/../lib/gcc/arm-atollic-eabi/6.3.1/armv7e-m/fpu\libgcc.a(_arm_addsubdf3.o)
                0x08000280                __aeabi_drsub
                0x08000288                __aeabi_dsub
                0x08000288                __subdf3
                0x0800028c                __aeabi_dadd
                0x0800028c                __adddf3
                0x08000504                __floatunsidf
                0x08000504                __aeabi_ui2d
                0x08000524                __floatsidf
                0x08000524                __aeabi_i2d
                0x08000548                __aeabi_f2d
                0x08000548                __extendsfdf2
                0x08000584                __floatundidf
                0x08000584                __aeabi_ul2d
                0x08000594                __floatdidf
                0x08000594                __aeabi_l2d
 .text          0x080005f0      0x424 c:/program files (x86)/atollic/truestudio for stm32 9.3.0/armtools/bin/../lib/gcc/arm-atollic-eabi/6.3.1/armv7e-m/fpu\libgcc.a(_arm_muldivdf3.o)
                0x080005f0                __aeabi_dmul
                0x080005f0                __muldf3
                0x08000844                __divdf3
                0x08000844                __aeabi_ddiv
 .text          0x08000a14      0x110 c:/program files (x86)/atollic/truestudio for stm32 9.3.0/armtools/bin/../lib/gcc/arm-atollic-eabi/6.3.1/armv7e-m/fpu\libgcc.a(_arm_cmpdf2.o)
                0x08000a14                __gtdf2
                0x08000a14                __gedf2
                0x08000a1c                __ltdf2
                0x08000a1c                __ledf2
                0x08000a24                __nedf2
                0x08000a24                __eqdf2
                0x08000a24                __cmpdf2
                0x08000aa0                __aeabi_cdrcmple
                0x08000ab0                __aeabi_cdcmpeq
                0x08000ab0                __aeabi_cdcmple
                0x08000ac0                __aeabi_dcmpeq
                0x08000ad4                __aeabi_dcmplt
                0x08000ae8                __aeabi_dcmple
                0x08000afc                __aeabi_dcmpge
                0x08000b10                __aeabi_dcmpgt
 .text          0x08000b24       0x2c c:/program files (x86)/atollic/truestudio for stm32 9.3.0/armtools/bin/../lib/gcc/arm-atollic-eabi/6.3.1/armv7e-m/fpu\libgcc.a(_arm_unorddf2.o)
                0x08000b24                __unorddf2
                0x08000b24                __aeabi_dcmpun
 .text          0x08000b50       0x50 c:/program files (x86)/atollic/truestudio for stm32 9.3.0/armtools/bin/../lib/gcc/arm-atollic-eabi/6.3.1/armv7e-m/fpu\libgcc.a(_arm_fixdfsi.o)
                0x08000b50                __aeabi_d2iz
                0x08000b50                __fixdfsi
 .text          0x08000ba0       0x40 c:/program files (x86)/atollic/truestudio for stm32 9.3.0/armtools/bin/../lib/gcc/arm-atollic-eabi/6.3.1/armv7e-m/fpu\libgcc.a(_arm_fixunsdfsi.o)
                0x08000ba0                __aeabi_d2uiz
                0x08000ba0                __fixunsdfsi
 .text          0x08000be0       0xa0 c:/program files (x86)/atollic/truestudio for stm32 9.3.0/armtools/bin/../lib/gcc/arm-atollic-eabi/6.3.1/armv7e-m/fpu\libgcc.a(_arm_truncdfsf2.o)
                0x08000be0                __truncdfsf2
                0x08000be0                __aeabi_d2f
 .text          0x08000c80       0x30 c:/program files (x86)/atollic/truestudio for stm32 9.3.0/armtools/bin/../lib/gcc/arm-atollic-eabi/6.3.1/armv7e-m/fpu\libgcc.a(_aeabi_uldivmod.o)
                0x08000c80                __aeabi_uldivmod
 .text          0x08000cb0      0x2dc c:/program files (x86)/atollic/truestudio for stm32 9.3.0/armtools/bin/../lib/gcc/arm-atollic-eabi/6.3.1/armv7e-m/fpu\libgcc.a(_udivmoddi4.o)
                0x08000cb0                __udivmoddi4
 .text          0x08000f8c        0x4 c:/program files (x86)/atollic/truestudio for stm32 9.3.0/armtools/bin/../lib/gcc/arm-atollic-eabi/6.3.1/armv7e-m/fpu\libgcc.a(_dvmd_tls.o)
                0x08000f8c                __aeabi_idiv0
                0x08000f8c                __aeabi_ldiv0
 *(.text*)
 .text.NVIC_Init
                0x08000f90       0xc4 Libraries\STM32F4xx_StdPeriph_Driver\src\misc.o
                0x08000f90                NVIC_Init
 .text.ADC_Init
                0x08001054       0xac Libraries\STM32F4xx_StdPeriph_Driver\src\stm32f4xx_adc.o
                0x08001054                ADC_Init
 .text.ADC_CommonInit
                0x08001100       0x50 Libraries\STM32F4xx_StdPeriph_Driver\src\stm32f4xx_adc.o
                0x08001100                ADC_CommonInit
 .text.ADC_RegularChannelConfig
                0x08001150      0x194 Libraries\STM32F4xx_StdPeriph_Driver\src\stm32f4xx_adc.o
                0x08001150                ADC_RegularChannelConfig
 .text.EXTI_Init
                0x080012e4       0xe4 Libraries\STM32F4xx_StdPeriph_Driver\src\stm32f4xx_exti.o
                0x080012e4                EXTI_Init
 .text.EXTI_GetITStatus
                0x080013c8       0x48 Libraries\STM32F4xx_StdPeriph_Driver\src\stm32f4xx_exti.o
                0x080013c8                EXTI_GetITStatus
 .text.EXTI_ClearITPendingBit
                0x08001410       0x20 Libraries\STM32F4xx_StdPeriph_Driver\src\stm32f4xx_exti.o
                0x08001410                EXTI_ClearITPendingBit
 .text.GPIO_Init
                0x08001430      0x11c Libraries\STM32F4xx_StdPeriph_Driver\src\stm32f4xx_gpio.o
                0x08001430                GPIO_Init
 .text.GPIO_ReadInputDataBit
                0x0800154c       0x34 Libraries\STM32F4xx_StdPeriph_Driver\src\stm32f4xx_gpio.o
                0x0800154c                GPIO_ReadInputDataBit
 .text.GPIO_SetBits
                0x08001580       0x1e Libraries\STM32F4xx_StdPeriph_Driver\src\stm32f4xx_gpio.o
                0x08001580                GPIO_SetBits
 .text.GPIO_ResetBits
                0x0800159e       0x1e Libraries\STM32F4xx_StdPeriph_Driver\src\stm32f4xx_gpio.o
                0x0800159e                GPIO_ResetBits
 .text.GPIO_PinAFConfig
                0x080015bc       0x92 Libraries\STM32F4xx_StdPeriph_Driver\src\stm32f4xx_gpio.o
                0x080015bc                GPIO_PinAFConfig
 *fill*         0x0800164e        0x2 
 .text.RCC_GetClocksFreq
                0x08001650      0x150 Libraries\STM32F4xx_StdPeriph_Driver\src\stm32f4xx_rcc.o
                0x08001650                RCC_GetClocksFreq
 .text.RCC_AHB1PeriphClockCmd
                0x080017a0       0x40 Libraries\STM32F4xx_StdPeriph_Driver\src\stm32f4xx_rcc.o
                0x080017a0                RCC_AHB1PeriphClockCmd
 .text.RCC_APB1PeriphClockCmd
                0x080017e0       0x40 Libraries\STM32F4xx_StdPeriph_Driver\src\stm32f4xx_rcc.o
                0x080017e0                RCC_APB1PeriphClockCmd
 .text.RCC_APB2PeriphClockCmd
                0x08001820       0x40 Libraries\STM32F4xx_StdPeriph_Driver\src\stm32f4xx_rcc.o
                0x08001820                RCC_APB2PeriphClockCmd
 .text.SYSCFG_EXTILineConfig
                0x08001860       0x84 Libraries\STM32F4xx_StdPeriph_Driver\src\stm32f4xx_syscfg.o
                0x08001860                SYSCFG_EXTILineConfig
 .text.TIM_TimeBaseInit
                0x080018e4       0xd8 Libraries\STM32F4xx_StdPeriph_Driver\src\stm32f4xx_tim.o
                0x080018e4                TIM_TimeBaseInit
 .text.TIM_Cmd  0x080019bc       0x40 Libraries\STM32F4xx_StdPeriph_Driver\src\stm32f4xx_tim.o
                0x080019bc                TIM_Cmd
 .text.TIM_OC1Init
                0x080019fc       0xf4 Libraries\STM32F4xx_StdPeriph_Driver\src\stm32f4xx_tim.o
                0x080019fc                TIM_OC1Init
 .text.TIM_OC2Init
                0x08001af0      0x110 Libraries\STM32F4xx_StdPeriph_Driver\src\stm32f4xx_tim.o
                0x08001af0                TIM_OC2Init
 .text.TIM_OC3Init
                0x08001c00      0x10c Libraries\STM32F4xx_StdPeriph_Driver\src\stm32f4xx_tim.o
                0x08001c00                TIM_OC3Init
 .text.TIM_OC4Init
                0x08001d0c       0xd0 Libraries\STM32F4xx_StdPeriph_Driver\src\stm32f4xx_tim.o
                0x08001d0c                TIM_OC4Init
 .text.TIM_OC1PreloadConfig
                0x08001ddc       0x38 Libraries\STM32F4xx_StdPeriph_Driver\src\stm32f4xx_tim.o
                0x08001ddc                TIM_OC1PreloadConfig
 .text.TIM_OC2PreloadConfig
                0x08001e14       0x3c Libraries\STM32F4xx_StdPeriph_Driver\src\stm32f4xx_tim.o
                0x08001e14                TIM_OC2PreloadConfig
 .text.TIM_OC3PreloadConfig
                0x08001e50       0x38 Libraries\STM32F4xx_StdPeriph_Driver\src\stm32f4xx_tim.o
                0x08001e50                TIM_OC3PreloadConfig
 .text.TIM_OC4PreloadConfig
                0x08001e88       0x3c Libraries\STM32F4xx_StdPeriph_Driver\src\stm32f4xx_tim.o
                0x08001e88                TIM_OC4PreloadConfig
 .text.USART_Init
                0x08001ec4      0x174 Libraries\STM32F4xx_StdPeriph_Driver\src\stm32f4xx_usart.o
                0x08001ec4                USART_Init
 .text.USART_Cmd
                0x08002038       0x40 Libraries\STM32F4xx_StdPeriph_Driver\src\stm32f4xx_usart.o
                0x08002038                USART_Cmd
 .text.USART_SendData
                0x08002078       0x24 Libraries\STM32F4xx_StdPeriph_Driver\src\stm32f4xx_usart.o
                0x08002078                USART_SendData
 .text.USART_ITConfig
                0x0800209c       0x90 Libraries\STM32F4xx_StdPeriph_Driver\src\stm32f4xx_usart.o
                0x0800209c                USART_ITConfig
 .text.USART_GetFlagStatus
                0x0800212c       0x38 Libraries\STM32F4xx_StdPeriph_Driver\src\stm32f4xx_usart.o
                0x0800212c                USART_GetFlagStatus
 .text.USART_GetITStatus
                0x08002164       0xb6 Libraries\STM32F4xx_StdPeriph_Driver\src\stm32f4xx_usart.o
                0x08002164                USART_GetITStatus
 *fill*         0x0800221a        0x2 
 .text.NVIC_SetPriority
                0x0800221c       0x54 src\main.o
 .text.SysTick_Config
                0x08002270       0x44 src\main.o
 *fill*         0x080022b4        0x4 
 .text.pos_curr_measure
                0x080022b8      0x420 src\main.o
                0x080022b8                pos_curr_measure
 .text.act_move
                0x080026d8      0x41c src\main.o
                0x080026d8                act_move
 .text.setup_Periph1
                0x08002af4       0xac src\main.o
                0x08002af4                setup_Periph1
 .text.setup_Periph2
                0x08002ba0       0xb0 src\main.o
                0x08002ba0                setup_Periph2
 .text.setup_Periph3
                0x08002c50       0xac src\main.o
                0x08002c50                setup_Periph3
 .text.USART_puts
                0x08002cfc       0x4c src\main.o
                0x08002cfc                USART_puts
 .text.sensUSART_puts
                0x08002d48       0x34 src\main.o
                0x08002d48                sensUSART_puts
 .text.modemUSART_puts
                0x08002d7c       0x4c src\main.o
                0x08002d7c                modemUSART_puts
 .text.endSwitch_GPIO
                0x08002dc8       0x38 src\main.o
                0x08002dc8                endSwitch_GPIO
 .text.fan_sensor_GPIO
                0x08002e00       0x3c src\main.o
                0x08002e00                fan_sensor_GPIO
 .text.modem_GPIO
                0x08002e3c       0x38 src\main.o
                0x08002e3c                modem_GPIO
 .text.init_curr_ADC
                0x08002e74      0x110 src\main.o
                0x08002e74                init_curr_ADC
 .text.systickInit
                0x08002f84       0x2a src\main.o
                0x08002f84                systickInit
 *fill*         0x08002fae        0x2 
 .text.SysTick_Handler
                0x08002fb0       0x1c src\main.o
                0x08002fb0                SysTick_Handler
 .text.millis   0x08002fcc       0x18 src\main.o
                0x08002fcc                millis
 .text.delay_ms
                0x08002fe4       0x2a src\main.o
                0x08002fe4                delay_ms
 *fill*         0x0800300e        0x2 
 .text.interrupt1
                0x08003010       0x80 src\main.o
                0x08003010                interrupt1
 .text.encoderDirection
                0x08003090       0x38 src\main.o
                0x08003090                encoderDirection
 .text.dcPosition
                0x080030c8      0x3b0 src\main.o
                0x080030c8                dcPosition
 .text.readSensVal
                0x08003478      0x138 src\main.o
                0x08003478                readSensVal
 .text.main     0x080035b0      0x7f0 src\main.o
                0x080035b0                main
 .text.timer2Start
                0x08003da0       0x12 src\pwm.o
                0x08003da0                timer2Start
 *fill*         0x08003db2        0x2 
 .text.timer3Start
                0x08003db4       0x14 src\pwm.o
                0x08003db4                timer3Start
 .text.timer4Start
                0x08003dc8       0x14 src\pwm.o
                0x08003dc8                timer4Start
 .text.timer9Start
                0x08003ddc       0x14 src\pwm.o
                0x08003ddc                timer9Start
 .text.timer2Init
                0x08003df0       0x3e src\pwm.o
                0x08003df0                timer2Init
 *fill*         0x08003e2e        0x2 
 .text.timer3Init
                0x08003e30       0x40 src\pwm.o
                0x08003e30                timer3Init
 .text.timer4Init
                0x08003e70       0x3c src\pwm.o
                0x08003e70                timer4Init
 .text.timer9Init
                0x08003eac       0x44 src\pwm.o
                0x08003eac                timer9Init
 .text.pwmInit1
                0x08003ef0       0x8c src\pwm.o
                0x08003ef0                pwmInit1
 .text.pwmInit2
                0x08003f7c       0x8c src\pwm.o
                0x08003f7c                pwmInit2
 .text.pwmInit3
                0x08004008       0x8c src\pwm.o
                0x08004008                pwmInit3
 .text.pwmInit4
                0x08004094       0x8c src\pwm.o
                0x08004094                pwmInit4
 .text.pwmInit5
                0x08004120       0x8c src\pwm.o
                0x08004120                pwmInit5
 .text.pwmInit6
                0x080041ac       0x8c src\pwm.o
                0x080041ac                pwmInit6
 .text.pwmInit7
                0x08004238       0x8c src\pwm.o
                0x08004238                pwmInit7
 .text.pwmInit8
                0x080042c4       0x8c src\pwm.o
                0x080042c4                pwmInit8
 .text.pwmInit9
                0x08004350       0x88 src\pwm.o
                0x08004350                pwmInit9
 .text.pwmInit10
                0x080043d8       0x88 src\pwm.o
                0x080043d8                pwmInit10
 .text.pwmOutInit1
                0x08004460       0x38 src\pwm.o
                0x08004460                pwmOutInit1
 .text.pwmOutInit2
                0x08004498       0x38 src\pwm.o
                0x08004498                pwmOutInit2
 .text.pwmOutInit3
                0x080044d0       0x38 src\pwm.o
                0x080044d0                pwmOutInit3
 .text.pwmOutInit4
                0x08004508       0x38 src\pwm.o
                0x08004508                pwmOutInit4
 .text.pwmOutInitDC
                0x08004540       0x3c src\pwm.o
                0x08004540                pwmOutInitDC
 .text.init_pwm_GPIO
                0x0800457c       0x68 src\pwm.o
                0x0800457c                init_pwm_GPIO
 .text.linAct1  0x080045e4       0x98 src\pwm.o
                0x080045e4                linAct1
 .text.linAct2  0x0800467c       0x8c src\pwm.o
                0x0800467c                linAct2
 .text.linAct3  0x08004708       0x90 src\pwm.o
                0x08004708                linAct3
 .text.linAct4  0x08004798       0x90 src\pwm.o
                0x08004798                linAct4
 .text.dcMove   0x08004828       0x6c src\pwm.o
                0x08004828                dcMove
 .text.Reset_Handler
                0x08004894       0x50 src\startup_stm32f40xx.o
                0x08004894                Reset_Handler
 .text.Default_Handler
                0x080048e4        0x2 src\startup_stm32f40xx.o
                0x080048e4                RTC_Alarm_IRQHandler
                0x080048e4                HASH_RNG_IRQHandler
                0x080048e4                EXTI2_IRQHandler
                0x080048e4                TIM8_CC_IRQHandler
                0x080048e4                DebugMon_Handler
                0x080048e4                TIM1_CC_IRQHandler
                0x080048e4                DMA2_Stream5_IRQHandler
                0x080048e4                HardFault_Handler
                0x080048e4                DMA1_Stream5_IRQHandler
                0x080048e4                PVD_IRQHandler
                0x080048e4                SDIO_IRQHandler
                0x080048e4                TAMP_STAMP_IRQHandler
                0x080048e4                PendSV_Handler
                0x080048e4                NMI_Handler
                0x080048e4                CAN2_RX1_IRQHandler
                0x080048e4                EXTI3_IRQHandler
                0x080048e4                TIM8_TRG_COM_TIM14_IRQHandler
                0x080048e4                TIM1_UP_TIM10_IRQHandler
                0x080048e4                TIM8_UP_TIM13_IRQHandler
                0x080048e4                I2C3_ER_IRQHandler
                0x080048e4                I2C2_EV_IRQHandler
                0x080048e4                DMA1_Stream2_IRQHandler
                0x080048e4                CAN1_RX0_IRQHandler
                0x080048e4                FPU_IRQHandler
                0x080048e4                OTG_HS_WKUP_IRQHandler
                0x080048e4                UsageFault_Handler
                0x080048e4                CAN2_SCE_IRQHandler
                0x080048e4                DMA2_Stream2_IRQHandler
                0x080048e4                SPI1_IRQHandler
                0x080048e4                TIM6_DAC_IRQHandler
                0x080048e4                TIM1_BRK_TIM9_IRQHandler
                0x080048e4                DCMI_IRQHandler
                0x080048e4                CAN2_RX0_IRQHandler
                0x080048e4                DMA2_Stream3_IRQHandler
                0x080048e4                USART3_IRQHandler
                0x080048e4                CRYP_IRQHandler
                0x080048e4                CAN1_RX1_IRQHandler
                0x080048e4                UART5_IRQHandler
                0x080048e4                DMA2_Stream0_IRQHandler
                0x080048e4                TIM4_IRQHandler
                0x080048e4                I2C1_EV_IRQHandler
                0x080048e4                DMA1_Stream6_IRQHandler
                0x080048e4                DMA1_Stream1_IRQHandler
                0x080048e4                UART4_IRQHandler
                0x080048e4                TIM3_IRQHandler
                0x080048e4                RCC_IRQHandler
                0x080048e4                TIM8_BRK_TIM12_IRQHandler
                0x080048e4                Default_Handler
                0x080048e4                EXTI15_10_IRQHandler
                0x080048e4                ADC_IRQHandler
                0x080048e4                DMA1_Stream7_IRQHandler
                0x080048e4                TIM7_IRQHandler
                0x080048e4                CAN2_TX_IRQHandler
                0x080048e4                TIM5_IRQHandler
                0x080048e4                DMA2_Stream7_IRQHandler
                0x080048e4                I2C3_EV_IRQHandler
                0x080048e4                EXTI9_5_IRQHandler
                0x080048e4                RTC_WKUP_IRQHandler
                0x080048e4                ETH_WKUP_IRQHandler
                0x080048e4                SPI2_IRQHandler
                0x080048e4                OTG_HS_EP1_IN_IRQHandler
                0x080048e4                MemManage_Handler
                0x080048e4                DMA1_Stream0_IRQHandler
                0x080048e4                CAN1_TX_IRQHandler
                0x080048e4                SVC_Handler
                0x080048e4                EXTI4_IRQHandler
                0x080048e4                FSMC_IRQHandler
                0x080048e4                ETH_IRQHandler
                0x080048e4                OTG_HS_EP1_OUT_IRQHandler
                0x080048e4                WWDG_IRQHandler
                0x080048e4                TIM2_IRQHandler
                0x080048e4                OTG_FS_WKUP_IRQHandler
                0x080048e4                TIM1_TRG_COM_TIM11_IRQHandler
                0x080048e4                OTG_HS_IRQHandler
                0x080048e4                EXTI1_IRQHandler
                0x080048e4                I2C2_ER_IRQHandler
                0x080048e4                DMA2_Stream1_IRQHandler
                0x080048e4                CAN1_SCE_IRQHandler
                0x080048e4                FLASH_IRQHandler
                0x080048e4                DMA2_Stream4_IRQHandler
                0x080048e4                BusFault_Handler
                0x080048e4                OTG_FS_IRQHandler
                0x080048e4                SPI3_IRQHandler
                0x080048e4                DMA1_Stream4_IRQHandler
                0x080048e4                I2C1_ER_IRQHandler
                0x080048e4                DMA2_Stream6_IRQHandler
                0x080048e4                DMA1_Stream3_IRQHandler
 *fill*         0x080048e6        0x2 
 .text.EXTI0_IRQHandler
                0x080048e8       0x68 src\stm32f4xx_it.o
                0x080048e8                EXTI0_IRQHandler
 .text.USART2_IRQHandler
                0x08004950      0xf10 src\stm32f4xx_it.o
                0x08004950                USART2_IRQHandler
 .text.USART1_IRQHandler
                0x08005860       0x58 src\stm32f4xx_it.o
                0x08005860                USART1_IRQHandler
 .text.USART6_IRQHandler
                0x080058b8      0x1d8 src\stm32f4xx_it.o
                0x080058b8                USART6_IRQHandler
 .text.SystemInit
                0x08005a90       0x6c src\system_stm32f4xx.o
                0x08005a90                SystemInit
 .text.SetSysClock
                0x08005afc       0xf8 src\system_stm32f4xx.o
 .text.TM_ADC_Init
                0x08005bf4       0xfc src\tm_stm32f4_adc.o
                0x08005bf4                TM_ADC_Init
 .text.TM_ADC_InitADC
                0x08005cf0       0xbc src\tm_stm32f4_adc.o
                0x08005cf0                TM_ADC_InitADC
 .text.TM_ADC_Read
                0x08005dac       0x54 src\tm_stm32f4_adc.o
                0x08005dac                TM_ADC_Read
 .text.TM_ADC_INT_Channel_0_Init
                0x08005e00       0x1c src\tm_stm32f4_adc.o
                0x08005e00                TM_ADC_INT_Channel_0_Init
 .text.TM_ADC_INT_Channel_1_Init
                0x08005e1c       0x1c src\tm_stm32f4_adc.o
                0x08005e1c                TM_ADC_INT_Channel_1_Init
 .text.TM_ADC_INT_Channel_2_Init
                0x08005e38       0x1c src\tm_stm32f4_adc.o
                0x08005e38                TM_ADC_INT_Channel_2_Init
 .text.TM_ADC_INT_Channel_3_Init
                0x08005e54       0x1c src\tm_stm32f4_adc.o
                0x08005e54                TM_ADC_INT_Channel_3_Init
 .text.TM_ADC_INT_Channel_4_Init
                0x08005e70       0x4c src\tm_stm32f4_adc.o
                0x08005e70                TM_ADC_INT_Channel_4_Init
 .text.TM_ADC_INT_Channel_5_Init
                0x08005ebc       0x4c src\tm_stm32f4_adc.o
                0x08005ebc                TM_ADC_INT_Channel_5_Init
 .text.TM_ADC_INT_Channel_6_Init
                0x08005f08       0x50 src\tm_stm32f4_adc.o
                0x08005f08                TM_ADC_INT_Channel_6_Init
 .text.TM_ADC_INT_Channel_7_Init
                0x08005f58       0x50 src\tm_stm32f4_adc.o
                0x08005f58                TM_ADC_INT_Channel_7_Init
 .text.TM_ADC_INT_Channel_8_Init
                0x08005fa8       0x50 src\tm_stm32f4_adc.o
                0x08005fa8                TM_ADC_INT_Channel_8_Init
 .text.TM_ADC_INT_Channel_9_Init
                0x08005ff8       0x4c src\tm_stm32f4_adc.o
                0x08005ff8                TM_ADC_INT_Channel_9_Init
 .text.TM_ADC_INT_Channel_10_Init
                0x08006044       0x1c src\tm_stm32f4_adc.o
                0x08006044                TM_ADC_INT_Channel_10_Init
 .text.TM_ADC_INT_Channel_11_Init
                0x08006060       0x1c src\tm_stm32f4_adc.o
                0x08006060                TM_ADC_INT_Channel_11_Init
 .text.TM_ADC_INT_Channel_12_Init
                0x0800607c       0x1c src\tm_stm32f4_adc.o
                0x0800607c                TM_ADC_INT_Channel_12_Init
 .text.TM_ADC_INT_Channel_13_Init
                0x08006098       0x1c src\tm_stm32f4_adc.o
                0x08006098                TM_ADC_INT_Channel_13_Init
 .text.TM_ADC_INT_Channel_14_Init
                0x080060b4       0x4c src\tm_stm32f4_adc.o
                0x080060b4                TM_ADC_INT_Channel_14_Init
 .text.TM_ADC_INT_Channel_15_Init
                0x08006100       0x50 src\tm_stm32f4_adc.o
                0x08006100                TM_ADC_INT_Channel_15_Init
 .text.TM_ADC_INT_InitPin
                0x08006150       0x28 src\tm_stm32f4_adc.o
                0x08006150                TM_ADC_INT_InitPin
 .text.TM_GPIO_Init
                0x08006178       0x46 src\tm_stm32f4_gpio.o
                0x08006178                TM_GPIO_Init
 .text.TM_GPIO_GetPortSource
                0x080061be       0x22 src\tm_stm32f4_gpio.o
                0x080061be                TM_GPIO_GetPortSource
 .text.TM_GPIO_INT_EnableClock
                0x080061e0       0x30 src\tm_stm32f4_gpio.o
                0x080061e0                TM_GPIO_INT_EnableClock
 .text.TM_GPIO_INT_Init
                0x08006210      0x10c src\tm_stm32f4_gpio.o
                0x08006210                TM_GPIO_INT_Init
 .text.atoi     0x0800631c        0x8 c:/program files (x86)/atollic/truestudio for stm32 9.3.0/armtools/bin/../lib/gcc/arm-atollic-eabi/6.3.1/../../../../arm-atollic-eabi/lib/armv7e-m/fpu\libc.a(lib_a-atoi.o)
                0x0800631c                atoi
 .text.__libc_init_array
                0x08006324       0x48 c:/program files (x86)/atollic/truestudio for stm32 9.3.0/armtools/bin/../lib/gcc/arm-atollic-eabi/6.3.1/../../../../arm-atollic-eabi/lib/armv7e-m/fpu\libc.a(lib_a-init.o)
                0x08006324                __libc_init_array
 .text.memset   0x0800636c       0x10 c:/program files (x86)/atollic/truestudio for stm32 9.3.0/armtools/bin/../lib/gcc/arm-atollic-eabi/6.3.1/../../../../arm-atollic-eabi/lib/armv7e-m/fpu\libc.a(lib_a-memset.o)
                0x0800636c                memset
 .text.sprintf  0x0800637c       0x48 c:/program files (x86)/atollic/truestudio for stm32 9.3.0/armtools/bin/../lib/gcc/arm-atollic-eabi/6.3.1/../../../../arm-atollic-eabi/lib/armv7e-m/fpu\libc.a(lib_a-sprintf.o)
                0x0800637c                sprintf
 .text.strcspn  0x080063c4       0x24 c:/program files (x86)/atollic/truestudio for stm32 9.3.0/armtools/bin/../lib/gcc/arm-atollic-eabi/6.3.1/../../../../arm-atollic-eabi/lib/armv7e-m/fpu\libc.a(lib_a-strcspn.o)
                0x080063c4                strcspn
 .text.strncmp  0x080063e8       0x24 c:/program files (x86)/atollic/truestudio for stm32 9.3.0/armtools/bin/../lib/gcc/arm-atollic-eabi/6.3.1/../../../../arm-atollic-eabi/lib/armv7e-m/fpu\libc.a(lib_a-strncmp.o)
                0x080063e8                strncmp
 .text.unlikely.sulp
                0x0800640c       0x38 c:/program files (x86)/atollic/truestudio for stm32 9.3.0/armtools/bin/../lib/gcc/arm-atollic-eabi/6.3.1/../../../../arm-atollic-eabi/lib/armv7e-m/fpu\libc.a(lib_a-strtod.o)
 *fill*         0x08006444        0x4 
 .text._strtod_l
                0x08006448      0xbd8 c:/program files (x86)/atollic/truestudio for stm32 9.3.0/armtools/bin/../lib/gcc/arm-atollic-eabi/6.3.1/../../../../arm-atollic-eabi/lib/armv7e-m/fpu\libc.a(lib_a-strtod.o)
                0x08006448                _strtod_l
 .text.strtod   0x08007020       0x28 c:/program files (x86)/atollic/truestudio for stm32 9.3.0/armtools/bin/../lib/gcc/arm-atollic-eabi/6.3.1/../../../../arm-atollic-eabi/lib/armv7e-m/fpu\libc.a(lib_a-strtod.o)
                0x08007020                strtod
 .text._strtol_l.isra.0
                0x08007048      0x100 c:/program files (x86)/atollic/truestudio for stm32 9.3.0/armtools/bin/../lib/gcc/arm-atollic-eabi/6.3.1/../../../../arm-atollic-eabi/lib/armv7e-m/fpu\libc.a(lib_a-strtol.o)
 .text.strtol   0x08007148       0x2c c:/program files (x86)/atollic/truestudio for stm32 9.3.0/armtools/bin/../lib/gcc/arm-atollic-eabi/6.3.1/../../../../arm-atollic-eabi/lib/armv7e-m/fpu\libc.a(lib_a-strtol.o)
                0x08007148                strtol
 *fill*         0x08007174        0x4 
 .text._svfprintf_r
                0x08007178      0xfa8 c:/program files (x86)/atollic/truestudio for stm32 9.3.0/armtools/bin/../lib/gcc/arm-atollic-eabi/6.3.1/../../../../arm-atollic-eabi/lib/armv7e-m/fpu\libc.a(lib_a-svfprintf.o)
                0x08007178                _svfprintf_r
 .text.quorem   0x08008120      0x118 c:/program files (x86)/atollic/truestudio for stm32 9.3.0/armtools/bin/../lib/gcc/arm-atollic-eabi/6.3.1/../../../../arm-atollic-eabi/lib/armv7e-m/fpu\libc.a(lib_a-dtoa.o)
 .text._dtoa_r  0x08008238      0xb9c c:/program files (x86)/atollic/truestudio for stm32 9.3.0/armtools/bin/../lib/gcc/arm-atollic-eabi/6.3.1/../../../../arm-atollic-eabi/lib/armv7e-m/fpu\libc.a(lib_a-dtoa.o)
                0x08008238                _dtoa_r
 .text.rshift   0x08008dd4       0x6a c:/program files (x86)/atollic/truestudio for stm32 9.3.0/armtools/bin/../lib/gcc/arm-atollic-eabi/6.3.1/../../../../arm-atollic-eabi/lib/armv7e-m/fpu\libc.a(lib_a-gdtoa-gethex.o)
 .text.__hexdig_fun
                0x08008e3e       0x2a c:/program files (x86)/atollic/truestudio for stm32 9.3.0/armtools/bin/../lib/gcc/arm-atollic-eabi/6.3.1/../../../../arm-atollic-eabi/lib/armv7e-m/fpu\libc.a(lib_a-gdtoa-gethex.o)
                0x08008e3e                __hexdig_fun
 .text.__gethex
                0x08008e68      0x43c c:/program files (x86)/atollic/truestudio for stm32 9.3.0/armtools/bin/../lib/gcc/arm-atollic-eabi/6.3.1/../../../../arm-atollic-eabi/lib/armv7e-m/fpu\libc.a(lib_a-gdtoa-gethex.o)
                0x08008e68                __gethex
 .text.L_shift  0x080092a4       0x24 c:/program files (x86)/atollic/truestudio for stm32 9.3.0/armtools/bin/../lib/gcc/arm-atollic-eabi/6.3.1/../../../../arm-atollic-eabi/lib/armv7e-m/fpu\libc.a(lib_a-gdtoa-hexnan.o)
 .text.__match  0x080092c8       0x26 c:/program files (x86)/atollic/truestudio for stm32 9.3.0/armtools/bin/../lib/gcc/arm-atollic-eabi/6.3.1/../../../../arm-atollic-eabi/lib/armv7e-m/fpu\libc.a(lib_a-gdtoa-hexnan.o)
                0x080092c8                __match
 .text.__hexnan
                0x080092ee      0x120 c:/program files (x86)/atollic/truestudio for stm32 9.3.0/armtools/bin/../lib/gcc/arm-atollic-eabi/6.3.1/../../../../arm-atollic-eabi/lib/armv7e-m/fpu\libc.a(lib_a-gdtoa-hexnan.o)
                0x080092ee                __hexnan
 .text.__locale_ctype_ptr_l
                0x0800940e        0x6 c:/program files (x86)/atollic/truestudio for stm32 9.3.0/armtools/bin/../lib/gcc/arm-atollic-eabi/6.3.1/../../../../arm-atollic-eabi/lib/armv7e-m/fpu\libc.a(lib_a-locale.o)
                0x0800940e                __locale_ctype_ptr_l
 .text.__localeconv_l
                0x08009414        0x4 c:/program files (x86)/atollic/truestudio for stm32 9.3.0/armtools/bin/../lib/gcc/arm-atollic-eabi/6.3.1/../../../../arm-atollic-eabi/lib/armv7e-m/fpu\libc.a(lib_a-localeconv.o)
                0x08009414                __localeconv_l
 .text._localeconv_r
                0x08009418       0x1c c:/program files (x86)/atollic/truestudio for stm32 9.3.0/armtools/bin/../lib/gcc/arm-atollic-eabi/6.3.1/../../../../arm-atollic-eabi/lib/armv7e-m/fpu\libc.a(lib_a-localeconv.o)
                0x08009418                _localeconv_r
 .text.malloc   0x08009434       0x10 c:/program files (x86)/atollic/truestudio for stm32 9.3.0/armtools/bin/../lib/gcc/arm-atollic-eabi/6.3.1/../../../../arm-atollic-eabi/lib/armv7e-m/fpu\libc.a(lib_a-malloc.o)
                0x08009434                malloc
 .text._malloc_r
                0x08009444      0x41c c:/program files (x86)/atollic/truestudio for stm32 9.3.0/armtools/bin/../lib/gcc/arm-atollic-eabi/6.3.1/../../../../arm-atollic-eabi/lib/armv7e-m/fpu\libc.a(lib_a-mallocr.o)
                0x08009444                _malloc_r
 .text.__ascii_mbtowc
                0x08009860       0x24 c:/program files (x86)/atollic/truestudio for stm32 9.3.0/armtools/bin/../lib/gcc/arm-atollic-eabi/6.3.1/../../../../arm-atollic-eabi/lib/armv7e-m/fpu\libc.a(lib_a-mbtowc_r.o)
                0x08009860                __ascii_mbtowc
 .text.memcpy   0x08009884       0x16 c:/program files (x86)/atollic/truestudio for stm32 9.3.0/armtools/bin/../lib/gcc/arm-atollic-eabi/6.3.1/../../../../arm-atollic-eabi/lib/armv7e-m/fpu\libc.a(lib_a-memcpy-stub.o)
                0x08009884                memcpy
 *fill*         0x0800989a        0x2 
 .text.__malloc_lock
                0x0800989c        0xc c:/program files (x86)/atollic/truestudio for stm32 9.3.0/armtools/bin/../lib/gcc/arm-atollic-eabi/6.3.1/../../../../arm-atollic-eabi/lib/armv7e-m/fpu\libc.a(lib_a-mlock.o)
                0x0800989c                __malloc_lock
 .text.__malloc_unlock
                0x080098a8        0xc c:/program files (x86)/atollic/truestudio for stm32 9.3.0/armtools/bin/../lib/gcc/arm-atollic-eabi/6.3.1/../../../../arm-atollic-eabi/lib/armv7e-m/fpu\libc.a(lib_a-mlock.o)
                0x080098a8                __malloc_unlock
 .text._Balloc  0x080098b4       0x68 c:/program files (x86)/atollic/truestudio for stm32 9.3.0/armtools/bin/../lib/gcc/arm-atollic-eabi/6.3.1/../../../../arm-atollic-eabi/lib/armv7e-m/fpu\libc.a(lib_a-mprec.o)
                0x080098b4                _Balloc
 .text._Bfree   0x0800991c       0x2e c:/program files (x86)/atollic/truestudio for stm32 9.3.0/armtools/bin/../lib/gcc/arm-atollic-eabi/6.3.1/../../../../arm-atollic-eabi/lib/armv7e-m/fpu\libc.a(lib_a-mprec.o)
                0x0800991c                _Bfree
 .text.__multadd
                0x0800994a       0x76 c:/program files (x86)/atollic/truestudio for stm32 9.3.0/armtools/bin/../lib/gcc/arm-atollic-eabi/6.3.1/../../../../arm-atollic-eabi/lib/armv7e-m/fpu\libc.a(lib_a-mprec.o)
                0x0800994a                __multadd
 .text.__s2b    0x080099c0       0x7c c:/program files (x86)/atollic/truestudio for stm32 9.3.0/armtools/bin/../lib/gcc/arm-atollic-eabi/6.3.1/../../../../arm-atollic-eabi/lib/armv7e-m/fpu\libc.a(lib_a-mprec.o)
                0x080099c0                __s2b
 .text.__hi0bits
                0x08009a3c       0x3e c:/program files (x86)/atollic/truestudio for stm32 9.3.0/armtools/bin/../lib/gcc/arm-atollic-eabi/6.3.1/../../../../arm-atollic-eabi/lib/armv7e-m/fpu\libc.a(lib_a-mprec.o)
                0x08009a3c                __hi0bits
 .text.__lo0bits
                0x08009a7a       0x5e c:/program files (x86)/atollic/truestudio for stm32 9.3.0/armtools/bin/../lib/gcc/arm-atollic-eabi/6.3.1/../../../../arm-atollic-eabi/lib/armv7e-m/fpu\libc.a(lib_a-mprec.o)
                0x08009a7a                __lo0bits
 .text.__i2b    0x08009ad8       0x12 c:/program files (x86)/atollic/truestudio for stm32 9.3.0/armtools/bin/../lib/gcc/arm-atollic-eabi/6.3.1/../../../../arm-atollic-eabi/lib/armv7e-m/fpu\libc.a(lib_a-mprec.o)
                0x08009ad8                __i2b
 .text.__multiply
                0x08009aea      0x11a c:/program files (x86)/atollic/truestudio for stm32 9.3.0/armtools/bin/../lib/gcc/arm-atollic-eabi/6.3.1/../../../../arm-atollic-eabi/lib/armv7e-m/fpu\libc.a(lib_a-mprec.o)
                0x08009aea                __multiply
 .text.__pow5mult
                0x08009c04       0x9c c:/program files (x86)/atollic/truestudio for stm32 9.3.0/armtools/bin/../lib/gcc/arm-atollic-eabi/6.3.1/../../../../arm-atollic-eabi/lib/armv7e-m/fpu\libc.a(lib_a-mprec.o)
                0x08009c04                __pow5mult
 .text.__lshift
                0x08009ca0       0xa2 c:/program files (x86)/atollic/truestudio for stm32 9.3.0/armtools/bin/../lib/gcc/arm-atollic-eabi/6.3.1/../../../../arm-atollic-eabi/lib/armv7e-m/fpu\libc.a(lib_a-mprec.o)
                0x08009ca0                __lshift
 .text.__mcmp   0x08009d42       0x34 c:/program files (x86)/atollic/truestudio for stm32 9.3.0/armtools/bin/../lib/gcc/arm-atollic-eabi/6.3.1/../../../../arm-atollic-eabi/lib/armv7e-m/fpu\libc.a(lib_a-mprec.o)
                0x08009d42                __mcmp
 .text.__mdiff  0x08009d76       0xbc c:/program files (x86)/atollic/truestudio for stm32 9.3.0/armtools/bin/../lib/gcc/arm-atollic-eabi/6.3.1/../../../../arm-atollic-eabi/lib/armv7e-m/fpu\libc.a(lib_a-mprec.o)
                0x08009d76                __mdiff
 *fill*         0x08009e32        0x2 
 .text.__ulp    0x08009e34       0x50 c:/program files (x86)/atollic/truestudio for stm32 9.3.0/armtools/bin/../lib/gcc/arm-atollic-eabi/6.3.1/../../../../arm-atollic-eabi/lib/armv7e-m/fpu\libc.a(lib_a-mprec.o)
                0x08009e34                __ulp
 .text.__b2d    0x08009e84       0x9c c:/program files (x86)/atollic/truestudio for stm32 9.3.0/armtools/bin/../lib/gcc/arm-atollic-eabi/6.3.1/../../../../arm-atollic-eabi/lib/armv7e-m/fpu\libc.a(lib_a-mprec.o)
                0x08009e84                __b2d
 .text.__d2b    0x08009f20       0x9e c:/program files (x86)/atollic/truestudio for stm32 9.3.0/armtools/bin/../lib/gcc/arm-atollic-eabi/6.3.1/../../../../arm-atollic-eabi/lib/armv7e-m/fpu\libc.a(lib_a-mprec.o)
                0x08009f20                __d2b
 .text.__ratio  0x08009fbe       0x58 c:/program files (x86)/atollic/truestudio for stm32 9.3.0/armtools/bin/../lib/gcc/arm-atollic-eabi/6.3.1/../../../../arm-atollic-eabi/lib/armv7e-m/fpu\libc.a(lib_a-mprec.o)
                0x08009fbe                __ratio
 .text.__copybits
                0x0800a016       0x34 c:/program files (x86)/atollic/truestudio for stm32 9.3.0/armtools/bin/../lib/gcc/arm-atollic-eabi/6.3.1/../../../../arm-atollic-eabi/lib/armv7e-m/fpu\libc.a(lib_a-mprec.o)
                0x0800a016                __copybits
 .text.__any_on
                0x0800a04a       0x42 c:/program files (x86)/atollic/truestudio for stm32 9.3.0/armtools/bin/../lib/gcc/arm-atollic-eabi/6.3.1/../../../../arm-atollic-eabi/lib/armv7e-m/fpu\libc.a(lib_a-mprec.o)
                0x0800a04a                __any_on
 .text._sbrk_r  0x0800a08c       0x20 c:/program files (x86)/atollic/truestudio for stm32 9.3.0/armtools/bin/../lib/gcc/arm-atollic-eabi/6.3.1/../../../../arm-atollic-eabi/lib/armv7e-m/fpu\libc.a(lib_a-sbrkr.o)
                0x0800a08c                _sbrk_r
 .text.__ssprint_r
                0x0800a0ac       0xf4 c:/program files (x86)/atollic/truestudio for stm32 9.3.0/armtools/bin/../lib/gcc/arm-atollic-eabi/6.3.1/../../../../arm-atollic-eabi/lib/armv7e-m/fpu\libc.a(lib_a-svfiprintf.o)
                0x0800a0ac                __ssprint_r
 .text.__ascii_wctomb
                0x0800a1a0       0x1a c:/program files (x86)/atollic/truestudio for stm32 9.3.0/armtools/bin/../lib/gcc/arm-atollic-eabi/6.3.1/../../../../arm-atollic-eabi/lib/armv7e-m/fpu\libc.a(lib_a-wctomb_r.o)
                0x0800a1a0                __ascii_wctomb
 .text._calloc_r
                0x0800a1ba       0x5a c:/program files (x86)/atollic/truestudio for stm32 9.3.0/armtools/bin/../lib/gcc/arm-atollic-eabi/6.3.1/../../../../arm-atollic-eabi/lib/armv7e-m/fpu\libc.a(lib_a-callocr.o)
                0x0800a1ba                _calloc_r
 .text._malloc_trim_r
                0x0800a214       0xac c:/program files (x86)/atollic/truestudio for stm32 9.3.0/armtools/bin/../lib/gcc/arm-atollic-eabi/6.3.1/../../../../arm-atollic-eabi/lib/armv7e-m/fpu\libc.a(lib_a-freer.o)
                0x0800a214                _malloc_trim_r
 .text._free_r  0x0800a2c0      0x178 c:/program files (x86)/atollic/truestudio for stm32 9.3.0/armtools/bin/../lib/gcc/arm-atollic-eabi/6.3.1/../../../../arm-atollic-eabi/lib/armv7e-m/fpu\libc.a(lib_a-freer.o)
                0x0800a2c0                _free_r
 .text.__retarget_lock_acquire_recursive
                0x0800a438        0x2 c:/program files (x86)/atollic/truestudio for stm32 9.3.0/armtools/bin/../lib/gcc/arm-atollic-eabi/6.3.1/../../../../arm-atollic-eabi/lib/armv7e-m/fpu\libc.a(lib_a-lock.o)
                0x0800a438                __retarget_lock_acquire_recursive
 .text.__retarget_lock_release_recursive
                0x0800a43a        0x2 c:/program files (x86)/atollic/truestudio for stm32 9.3.0/armtools/bin/../lib/gcc/arm-atollic-eabi/6.3.1/../../../../arm-atollic-eabi/lib/armv7e-m/fpu\libc.a(lib_a-lock.o)
                0x0800a43a                __retarget_lock_release_recursive
 .text.memmove  0x0800a43c       0x34 c:/program files (x86)/atollic/truestudio for stm32 9.3.0/armtools/bin/../lib/gcc/arm-atollic-eabi/6.3.1/../../../../arm-atollic-eabi/lib/armv7e-m/fpu\libc.a(lib_a-memmove.o)
                0x0800a43c                memmove
 .text._realloc_r
                0x0800a470      0x300 c:/program files (x86)/atollic/truestudio for stm32 9.3.0/armtools/bin/../lib/gcc/arm-atollic-eabi/6.3.1/../../../../arm-atollic-eabi/lib/armv7e-m/fpu\libc.a(lib_a-reallocr.o)
                0x0800a470                _realloc_r
 .text._sbrk    0x0800a770       0x1c c:/program files (x86)/atollic/truestudio for stm32 9.3.0/armtools/bin/../lib/gcc/arm-atollic-eabi/6.3.1/../../../../arm-atollic-eabi/lib/armv7e-m/fpu\libnosys.a(sbrk.o)
                0x0800a770                _sbrk
 *(.glue_7)
 .glue_7        0x0800a78c        0x0 linker stubs
 *(.glue_7t)
 .glue_7t       0x0800a78c        0x0 linker stubs
 *(.eh_frame)
 .eh_frame      0x0800a78c        0x0 c:/program files (x86)/atollic/truestudio for stm32 9.3.0/armtools/bin/../lib/gcc/arm-atollic-eabi/6.3.1/armv7e-m/fpu/crtbegin.o
 *(.init)
 .init          0x0800a78c        0x4 c:/program files (x86)/atollic/truestudio for stm32 9.3.0/armtools/bin/../lib/gcc/arm-atollic-eabi/6.3.1/armv7e-m/fpu/crti.o
                0x0800a78c                _init
 .init          0x0800a790        0x8 c:/program files (x86)/atollic/truestudio for stm32 9.3.0/armtools/bin/../lib/gcc/arm-atollic-eabi/6.3.1/armv7e-m/fpu/crtn.o
 *(.fini)
 .fini          0x0800a798        0x4 c:/program files (x86)/atollic/truestudio for stm32 9.3.0/armtools/bin/../lib/gcc/arm-atollic-eabi/6.3.1/armv7e-m/fpu/crti.o
                0x0800a798                _fini
 .fini          0x0800a79c        0x8 c:/program files (x86)/atollic/truestudio for stm32 9.3.0/armtools/bin/../lib/gcc/arm-atollic-eabi/6.3.1/armv7e-m/fpu/crtn.o
                0x0800a7a4                . = ALIGN (0x4)
                0x0800a7a4                _etext = .

.vfp11_veneer   0x0800a7a4        0x0
 .vfp11_veneer  0x0800a7a4        0x0 linker stubs

.v4_bx          0x0800a7a4        0x0
 .v4_bx         0x0800a7a4        0x0 linker stubs

.iplt           0x0800a7a4        0x0
 .iplt          0x0800a7a4        0x0 c:/program files (x86)/atollic/truestudio for stm32 9.3.0/armtools/bin/../lib/gcc/arm-atollic-eabi/6.3.1/armv7e-m/fpu/crtbegin.o

.rodata         0x0800a7a8      0xf08
                0x0800a7a8                . = ALIGN (0x4)
 *(.rodata)
 .rodata        0x0800a7a8      0x910 src\main.o
 .rodata        0x0800b0b8      0x338 src\stm32f4xx_it.o
 *(.rodata*)
 .rodata._strtod_l.str1.1
                0x0800b3f0        0x0 c:/program files (x86)/atollic/truestudio for stm32 9.3.0/armtools/bin/../lib/gcc/arm-atollic-eabi/6.3.1/../../../../arm-atollic-eabi/lib/armv7e-m/fpu\libc.a(lib_a-strtod.o)
                                  0xc (size before relaxing)
 .rodata.fpi.7278
                0x0800b3f0       0x14 c:/program files (x86)/atollic/truestudio for stm32 9.3.0/armtools/bin/../lib/gcc/arm-atollic-eabi/6.3.1/../../../../arm-atollic-eabi/lib/armv7e-m/fpu\libc.a(lib_a-strtod.o)
 .rodata.fpinan.7314
                0x0800b404       0x14 c:/program files (x86)/atollic/truestudio for stm32 9.3.0/armtools/bin/../lib/gcc/arm-atollic-eabi/6.3.1/../../../../arm-atollic-eabi/lib/armv7e-m/fpu\libc.a(lib_a-strtod.o)
 .rodata.tinytens
                0x0800b418       0x28 c:/program files (x86)/atollic/truestudio for stm32 9.3.0/armtools/bin/../lib/gcc/arm-atollic-eabi/6.3.1/../../../../arm-atollic-eabi/lib/armv7e-m/fpu\libc.a(lib_a-strtod.o)
 .rodata._svfprintf_r.str1.1
                0x0800b440       0x34 c:/program files (x86)/atollic/truestudio for stm32 9.3.0/armtools/bin/../lib/gcc/arm-atollic-eabi/6.3.1/../../../../arm-atollic-eabi/lib/armv7e-m/fpu\libc.a(lib_a-svfprintf.o)
 .rodata.blanks.8359
                0x0800b474       0x10 c:/program files (x86)/atollic/truestudio for stm32 9.3.0/armtools/bin/../lib/gcc/arm-atollic-eabi/6.3.1/../../../../arm-atollic-eabi/lib/armv7e-m/fpu\libc.a(lib_a-svfprintf.o)
 .rodata.zeroes.8360
                0x0800b484       0x10 c:/program files (x86)/atollic/truestudio for stm32 9.3.0/armtools/bin/../lib/gcc/arm-atollic-eabi/6.3.1/../../../../arm-atollic-eabi/lib/armv7e-m/fpu\libc.a(lib_a-svfprintf.o)
 .rodata._dtoa_r.str1.1
                0x0800b494        0xd c:/program files (x86)/atollic/truestudio for stm32 9.3.0/armtools/bin/../lib/gcc/arm-atollic-eabi/6.3.1/../../../../arm-atollic-eabi/lib/armv7e-m/fpu\libc.a(lib_a-dtoa.o)
                                  0xf (size before relaxing)
 .rodata._setlocale_r.str1.1
                0x0800b4a1        0x8 c:/program files (x86)/atollic/truestudio for stm32 9.3.0/armtools/bin/../lib/gcc/arm-atollic-eabi/6.3.1/../../../../arm-atollic-eabi/lib/armv7e-m/fpu\libc.a(lib_a-locale.o)
                                  0x9 (size before relaxing)
 .rodata.str1.1
                0x0800b4a9        0x2 c:/program files (x86)/atollic/truestudio for stm32 9.3.0/armtools/bin/../lib/gcc/arm-atollic-eabi/6.3.1/../../../../arm-atollic-eabi/lib/armv7e-m/fpu\libc.a(lib_a-locale.o)
 *fill*         0x0800b4ab        0x5 
 .rodata.__mprec_bigtens
                0x0800b4b0       0x28 c:/program files (x86)/atollic/truestudio for stm32 9.3.0/armtools/bin/../lib/gcc/arm-atollic-eabi/6.3.1/../../../../arm-atollic-eabi/lib/armv7e-m/fpu\libc.a(lib_a-mprec.o)
                0x0800b4b0                __mprec_bigtens
 .rodata.__mprec_tens
                0x0800b4d8       0xc8 c:/program files (x86)/atollic/truestudio for stm32 9.3.0/armtools/bin/../lib/gcc/arm-atollic-eabi/6.3.1/../../../../arm-atollic-eabi/lib/armv7e-m/fpu\libc.a(lib_a-mprec.o)
                0x0800b4d8                __mprec_tens
 .rodata.p05.7196
                0x0800b5a0        0xc c:/program files (x86)/atollic/truestudio for stm32 9.3.0/armtools/bin/../lib/gcc/arm-atollic-eabi/6.3.1/../../../../arm-atollic-eabi/lib/armv7e-m/fpu\libc.a(lib_a-mprec.o)
 .rodata._ctype_
                0x0800b5ac      0x101 c:/program files (x86)/atollic/truestudio for stm32 9.3.0/armtools/bin/../lib/gcc/arm-atollic-eabi/6.3.1/../../../../arm-atollic-eabi/lib/armv7e-m/fpu\libc.a(lib_a-ctype_.o)
                0x0800b5ac                _ctype_
                0x0800b6b0                . = ALIGN (0x4)
 *fill*         0x0800b6ad        0x3 

.ARM.extab
 *(.ARM.extab* .gnu.linkonce.armextab.*)

.ARM            0x0800b6b0        0x8
                0x0800b6b0                __exidx_start = .
 *(.ARM.exidx*)
 .ARM.exidx     0x0800b6b0        0x8 c:/program files (x86)/atollic/truestudio for stm32 9.3.0/armtools/bin/../lib/gcc/arm-atollic-eabi/6.3.1/armv7e-m/fpu\libgcc.a(_udivmoddi4.o)
                0x0800b6b8                __exidx_end = .

.rel.dyn        0x0800b6b8        0x0
 .rel.iplt      0x0800b6b8        0x0 c:/program files (x86)/atollic/truestudio for stm32 9.3.0/armtools/bin/../lib/gcc/arm-atollic-eabi/6.3.1/armv7e-m/fpu/crtbegin.o

.preinit_array  0x0800b6b8        0x0
                0x0800b6b8                PROVIDE (__preinit_array_start, .)
 *(.preinit_array*)
                0x0800b6b8                PROVIDE (__preinit_array_end, .)

.init_array     0x0800b6b8        0x4
                0x0800b6b8                PROVIDE (__init_array_start, .)
 *(SORT(.init_array.*))
 *(.init_array*)
 .init_array    0x0800b6b8        0x4 c:/program files (x86)/atollic/truestudio for stm32 9.3.0/armtools/bin/../lib/gcc/arm-atollic-eabi/6.3.1/armv7e-m/fpu/crtbegin.o
                0x0800b6bc                PROVIDE (__init_array_end, .)

.fini_array     0x0800b6bc        0x4
                [!provide]                PROVIDE (__fini_array_start, .)
 *(SORT(.fini_array.*))
 *(.fini_array*)
 .fini_array    0x0800b6bc        0x4 c:/program files (x86)/atollic/truestudio for stm32 9.3.0/armtools/bin/../lib/gcc/arm-atollic-eabi/6.3.1/armv7e-m/fpu/crtbegin.o
                [!provide]                PROVIDE (__fini_array_end, .)
                0x0800b6c0                _sidata = LOADADDR (.data)

.data           0x20000000      0x7ec load address 0x0800b6c0
                0x20000000                . = ALIGN (0x4)
                0x20000000                _sdata = .
 *(.data)
 *(.data*)
 .data.APBAHBPrescTable
                0x20000000       0x10 Libraries\STM32F4xx_StdPeriph_Driver\src\stm32f4xx_rcc.o
 .data.minDTY   0x20000010        0x4 src\main.o
                0x20000010                minDTY
 .data.DcKp     0x20000014        0x4 src\main.o
                0x20000014                DcKp
 .data.DcKi     0x20000018        0x4 src\main.o
                0x20000018                DcKi
 .data.DcKd     0x2000001c        0x4 src\main.o
                0x2000001c                DcKd
 .data.ssError  0x20000020        0x4 src\main.o
                0x20000020                ssError
 .data.prescalerS
                0x20000024        0x4 src\main.o
                0x20000024                prescalerS
 .data.periodS  0x20000028       0x10 src\main.o
                0x20000028                periodS
 .data.dutyS    0x20000038       0x10 src\main.o
                0x20000038                dutyS
 .data.la_n     0x20000048       0x10 src\main.o
                0x20000048                la_n
 .data.la_k     0x20000058       0x10 src\main.o
                0x20000058                la_k
 .data.posBias  0x20000068       0x10 src\main.o
                0x20000068                posBias
 .data.dt       0x20000078        0x4 src\main.o
                0x20000078                dt
 .data.Kp       0x2000007c       0x10 src\main.o
                0x2000007c                Kp
 .data.Ki       0x2000008c       0x10 src\main.o
                0x2000008c                Ki
 .data.Kd       0x2000009c       0x10 src\main.o
                0x2000009c                Kd
 .data.sseLA    0x200000ac        0x4 src\main.o
                0x200000ac                sseLA
 .data.act_moveFlag
                0x200000b0       0x10 src\main.o
                0x200000b0                act_moveFlag
 .data.srPos    0x200000c0        0x4 src\main.o
                0x200000c0                srPos
 .data.alp      0x200000c4       0x10 src\main.o
                0x200000c4                alp
 .data.max_feedback_len
                0x200000d4        0x4 src\main.o
                0x200000d4                max_feedback_len
 .data.readCommand
                0x200000d8       0x1c src\main.o
                0x200000d8                readCommand
 .data.transOn  0x200000f4        0x4 src\main.o
                0x200000f4                transOn
 .data.pre_commands
                0x200000f8        0x6 src\stm32f4xx_it.o
                0x200000f8                pre_commands
 *fill*         0x200000fe        0x2 
 .data.commandsStepp
                0x20000100       0x14 src\stm32f4xx_it.o
                0x20000100                commandsStepp
 .data.commandsPWM
                0x20000114       0x68 src\stm32f4xx_it.o
                0x20000114                commandsPWM
 .data._impure_ptr
                0x2000017c        0x4 c:/program files (x86)/atollic/truestudio for stm32 9.3.0/armtools/bin/../lib/gcc/arm-atollic-eabi/6.3.1/../../../../arm-atollic-eabi/lib/armv7e-m/fpu\libc.a(lib_a-impure.o)
                0x2000017c                _impure_ptr
 .data.impure_data
                0x20000180       0xf0 c:/program files (x86)/atollic/truestudio for stm32 9.3.0/armtools/bin/../lib/gcc/arm-atollic-eabi/6.3.1/../../../../arm-atollic-eabi/lib/armv7e-m/fpu\libc.a(lib_a-impure.o)
 .data.__global_locale
                0x20000270      0x16c c:/program files (x86)/atollic/truestudio for stm32 9.3.0/armtools/bin/../lib/gcc/arm-atollic-eabi/6.3.1/../../../../arm-atollic-eabi/lib/armv7e-m/fpu\libc.a(lib_a-locale.o)
                0x20000270                __global_locale
 .data.__malloc_av_
                0x200003dc      0x408 c:/program files (x86)/atollic/truestudio for stm32 9.3.0/armtools/bin/../lib/gcc/arm-atollic-eabi/6.3.1/../../../../arm-atollic-eabi/lib/armv7e-m/fpu\libc.a(lib_a-mallocr.o)
                0x200003dc                __malloc_av_
 .data.__malloc_sbrk_base
                0x200007e4        0x4 c:/program files (x86)/atollic/truestudio for stm32 9.3.0/armtools/bin/../lib/gcc/arm-atollic-eabi/6.3.1/../../../../arm-atollic-eabi/lib/armv7e-m/fpu\libc.a(lib_a-mallocr.o)
                0x200007e4                __malloc_sbrk_base
 .data.__malloc_trim_threshold
                0x200007e8        0x4 c:/program files (x86)/atollic/truestudio for stm32 9.3.0/armtools/bin/../lib/gcc/arm-atollic-eabi/6.3.1/../../../../arm-atollic-eabi/lib/armv7e-m/fpu\libc.a(lib_a-mallocr.o)
                0x200007e8                __malloc_trim_threshold
                0x200007ec                . = ALIGN (0x4)
                0x200007ec                _edata = .
                0x0800beac                _siccmram = LOADADDR (.ccmram)

.igot.plt       0x200007ec        0x0 load address 0x0800beac
 .igot.plt      0x200007ec        0x0 c:/program files (x86)/atollic/truestudio for stm32 9.3.0/armtools/bin/../lib/gcc/arm-atollic-eabi/6.3.1/armv7e-m/fpu/crtbegin.o

.ccmram         0x10000000        0x0 load address 0x0800beac
                0x10000000                . = ALIGN (0x4)
                0x10000000                _sccmram = .
 *(.ccmram)
 *(.ccmram*)
                0x10000000                . = ALIGN (0x4)
                0x10000000                _eccmram = .
                0x10000000                . = ALIGN (0x4)

.bss            0x200007f0      0x258
                0x200007f0                _sbss = .
                0x200007f0                __bss_start__ = _sbss
 *(.bss)
 .bss           0x200007f0       0x1c c:/program files (x86)/atollic/truestudio for stm32 9.3.0/armtools/bin/../lib/gcc/arm-atollic-eabi/6.3.1/armv7e-m/fpu/crtbegin.o
 *(.bss*)
 .bss.newPos    0x2000080c        0x4 src\main.o
                0x2000080c                newPos
 .bss.encoderTick
                0x20000810        0x4 src\main.o
                0x20000810                encoderTick
 .bss.positionDC
                0x20000814        0x4 src\main.o
                0x20000814                positionDC
 .bss.intgrl    0x20000818        0x4 src\main.o
                0x20000818                intgrl
 .bss.deriv     0x2000081c        0x4 src\main.o
                0x2000081c                deriv
 .bss.errorDC   0x20000820        0x4 src\main.o
                0x20000820                errorDC
 .bss.prevErrorDC
                0x20000824        0x4 src\main.o
                0x20000824                prevErrorDC
 .bss.dc_moveFlag
                0x20000828        0x4 src\main.o
                0x20000828                dc_moveFlag
 .bss.linDirS   0x2000082c       0x10 src\main.o
                0x2000082c                linDirS
 .bss.posF_avg  0x2000083c       0x10 src\main.o
                0x2000083c                posF_avg
 .bss.new_posF  0x2000084c       0x10 src\main.o
                0x2000084c                new_posF
 .bss.integral  0x2000085c        0x4 src\main.o
                0x2000085c                integral
 .bss.derivative
                0x20000860        0x4 src\main.o
                0x20000860                derivative
 .bss.errorlast
                0x20000864       0x10 src\main.o
                0x20000864                errorlast
 .bss.sT_flag   0x20000874        0x4 src\main.o
                0x20000874                sT_flag
 .bss.sensorFeedback_cnt
                0x20000878        0x4 src\main.o
                0x20000878                sensorFeedback_cnt
 *fill*         0x2000087c        0x4 
 .bss.co2Value  0x20000880        0x8 src\main.o
                0x20000880                co2Value
 .bss.at_ok     0x20000888        0x4 src\main.o
                0x20000888                at_ok
 .bss.at_err    0x2000088c        0x4 src\main.o
                0x2000088c                at_err
 .bss.creg      0x20000890        0x4 src\main.o
                0x20000890                creg
 .bss.cclk      0x20000894        0x4 src\main.o
                0x20000894                cclk
 .bss.ftp       0x20000898        0x4 src\main.o
                0x20000898                ftp
 .bss.ticks     0x2000089c        0x4 src\main.o
 .bss.cnt.10403
                0x200008a0        0x4 src\stm32f4xx_it.o
 .bss.cnt.10495
                0x200008a4        0x4 src\stm32f4xx_it.o
 .bss.GPIO_UsedPins
                0x200008a8       0x16 src\tm_stm32f4_gpio.o
 *fill*         0x200008be        0x2 
 .bss.__malloc_current_mallinfo
                0x200008c0       0x28 c:/program files (x86)/atollic/truestudio for stm32 9.3.0/armtools/bin/../lib/gcc/arm-atollic-eabi/6.3.1/../../../../arm-atollic-eabi/lib/armv7e-m/fpu\libc.a(lib_a-mallocr.o)
                0x200008c0                __malloc_current_mallinfo
 .bss.__malloc_max_sbrked_mem
                0x200008e8        0x4 c:/program files (x86)/atollic/truestudio for stm32 9.3.0/armtools/bin/../lib/gcc/arm-atollic-eabi/6.3.1/../../../../arm-atollic-eabi/lib/armv7e-m/fpu\libc.a(lib_a-mallocr.o)
                0x200008e8                __malloc_max_sbrked_mem
 .bss.__malloc_max_total_mem
                0x200008ec        0x4 c:/program files (x86)/atollic/truestudio for stm32 9.3.0/armtools/bin/../lib/gcc/arm-atollic-eabi/6.3.1/../../../../arm-atollic-eabi/lib/armv7e-m/fpu\libc.a(lib_a-mallocr.o)
                0x200008ec                __malloc_max_total_mem
 .bss.__malloc_top_pad
                0x200008f0        0x4 c:/program files (x86)/atollic/truestudio for stm32 9.3.0/armtools/bin/../lib/gcc/arm-atollic-eabi/6.3.1/../../../../arm-atollic-eabi/lib/armv7e-m/fpu\libc.a(lib_a-mallocr.o)
                0x200008f0                __malloc_top_pad
 .bss.heap_end.5239
                0x200008f4        0x4 c:/program files (x86)/atollic/truestudio for stm32 9.3.0/armtools/bin/../lib/gcc/arm-atollic-eabi/6.3.1/../../../../arm-atollic-eabi/lib/armv7e-m/fpu\libnosys.a(sbrk.o)
 *(COMMON)
 COMMON         0x200008f8       0xf0 src\main.o
                0x200008f8                dutyDC
                0x200008fc                posFP
                0x2000090c                modem_h
                0x20000910                modem_s
                0x20000914                ftpPUT2
                0x20000918                currF_avg
                0x20000928                pos
                0x20000930                ftpPUT1
                0x20000934                pos_diff
                0x20000944                curr
                0x2000094c                currF
                0x2000095c                currF_init
                0x2000096c                ftpLEN
                0x20000970                modem_mnt
                0x20000974                posF
                0x20000984                modem_t
                0x20000998                sT_prev
                0x200009a8                modem_day
                0x200009ac                tick
                0x200009c0                modem_min
                0x200009c4                cregC
                0x200009c8                sensorFeedback
                0x200009e4                modem_yr
 COMMON         0x200009e8       0x51 src\stm32f4xx_it.o
                0x200009e8                rec_str
                0x200009f8                modem_rec_str
 COMMON         0x20000a39        0x9 c:/program files (x86)/atollic/truestudio for stm32 9.3.0/armtools/bin/../lib/gcc/arm-atollic-eabi/6.3.1/../../../../arm-atollic-eabi/lib/armv7e-m/fpu\libc.a(lib_a-lock.o)
                0x20000a39                __lock___atexit_recursive_mutex
                0x20000a3a                __lock___arc4random_mutex
                0x20000a3b                __lock___env_recursive_mutex
                0x20000a3c                __lock___sinit_recursive_mutex
                0x20000a3d                __lock___malloc_recursive_mutex
                0x20000a3e                __lock___at_quick_exit_mutex
                0x20000a3f                __lock___dd_hash_mutex
                0x20000a40                __lock___tz_mutex
                0x20000a41                __lock___sfp_recursive_mutex
 *fill*         0x20000a42        0x2 
 COMMON         0x20000a44        0x4 c:/program files (x86)/atollic/truestudio for stm32 9.3.0/armtools/bin/../lib/gcc/arm-atollic-eabi/6.3.1/../../../../arm-atollic-eabi/lib/armv7e-m/fpu\libc.a(lib_a-reent.o)
                0x20000a44                errno
                0x20000a48                . = ALIGN (0x4)
                0x20000a48                _ebss = .
                0x20000a48                __bss_end__ = _ebss

._user_heap_stack
                0x20000a48      0x400
                0x20000a48                . = ALIGN (0x4)
                0x20000a48                PROVIDE (end, .)
                [!provide]                PROVIDE (_end, .)
                0x20000a48                . = (. + _Min_Heap_Size)
                0x20000e48                . = (. + _Min_Stack_Size)
 *fill*         0x20000a48      0x400 
                0x20000e48                . = ALIGN (0x4)

.memory_b1_text
 *(.mb1text)
 *(.mb1text*)
 *(.mb1rodata)
 *(.mb1rodata*)

/DISCARD/
 libc.a(*)
 libm.a(*)
 libgcc.a(*)

.ARM.attributes
                0x00000000       0x30
 *(.ARM.attributes)
 .ARM.attributes
                0x00000000       0x22 c:/program files (x86)/atollic/truestudio for stm32 9.3.0/armtools/bin/../lib/gcc/arm-atollic-eabi/6.3.1/armv7e-m/fpu/crti.o
 .ARM.attributes
                0x00000022       0x34 c:/program files (x86)/atollic/truestudio for stm32 9.3.0/armtools/bin/../lib/gcc/arm-atollic-eabi/6.3.1/armv7e-m/fpu/crtbegin.o
 .ARM.attributes
                0x00000056       0x39 Libraries\STM32F4xx_StdPeriph_Driver\src\misc.o
 .ARM.attributes
                0x0000008f       0x39 Libraries\STM32F4xx_StdPeriph_Driver\src\stm32f4xx_adc.o
 .ARM.attributes
                0x000000c8       0x39 Libraries\STM32F4xx_StdPeriph_Driver\src\stm32f4xx_exti.o
 .ARM.attributes
                0x00000101       0x39 Libraries\STM32F4xx_StdPeriph_Driver\src\stm32f4xx_gpio.o
 .ARM.attributes
                0x0000013a       0x39 Libraries\STM32F4xx_StdPeriph_Driver\src\stm32f4xx_rcc.o
 .ARM.attributes
                0x00000173       0x39 Libraries\STM32F4xx_StdPeriph_Driver\src\stm32f4xx_syscfg.o
 .ARM.attributes
                0x000001ac       0x39 Libraries\STM32F4xx_StdPeriph_Driver\src\stm32f4xx_tim.o
 .ARM.attributes
                0x000001e5       0x39 Libraries\STM32F4xx_StdPeriph_Driver\src\stm32f4xx_usart.o
 .ARM.attributes
                0x0000021e       0x39 src\main.o
 .ARM.attributes
                0x00000257       0x39 src\pwm.o
 .ARM.attributes
                0x00000290       0x21 src\startup_stm32f40xx.o
 .ARM.attributes
                0x000002b1       0x39 src\stm32f4xx_it.o
 .ARM.attributes
                0x000002ea       0x39 src\system_stm32f4xx.o
 .ARM.attributes
                0x00000323       0x39 src\tm_stm32f4_adc.o
 .ARM.attributes
                0x0000035c       0x39 src\tm_stm32f4_gpio.o
 .ARM.attributes
                0x00000395       0x34 c:/program files (x86)/atollic/truestudio for stm32 9.3.0/armtools/bin/../lib/gcc/arm-atollic-eabi/6.3.1/../../../../arm-atollic-eabi/lib/armv7e-m/fpu\libc.a(lib_a-atoi.o)
 .ARM.attributes
                0x000003c9       0x34 c:/program files (x86)/atollic/truestudio for stm32 9.3.0/armtools/bin/../lib/gcc/arm-atollic-eabi/6.3.1/../../../../arm-atollic-eabi/lib/armv7e-m/fpu\libc.a(lib_a-init.o)
 .ARM.attributes
                0x000003fd       0x34 c:/program files (x86)/atollic/truestudio for stm32 9.3.0/armtools/bin/../lib/gcc/arm-atollic-eabi/6.3.1/../../../../arm-atollic-eabi/lib/armv7e-m/fpu\libc.a(lib_a-memset.o)
 .ARM.attributes
                0x00000431       0x34 c:/program files (x86)/atollic/truestudio for stm32 9.3.0/armtools/bin/../lib/gcc/arm-atollic-eabi/6.3.1/../../../../arm-atollic-eabi/lib/armv7e-m/fpu\libc.a(lib_a-sprintf.o)
 .ARM.attributes
                0x00000465       0x34 c:/program files (x86)/atollic/truestudio for stm32 9.3.0/armtools/bin/../lib/gcc/arm-atollic-eabi/6.3.1/../../../../arm-atollic-eabi/lib/armv7e-m/fpu\libc.a(lib_a-strcspn.o)
 .ARM.attributes
                0x00000499       0x1b c:/program files (x86)/atollic/truestudio for stm32 9.3.0/armtools/bin/../lib/gcc/arm-atollic-eabi/6.3.1/../../../../arm-atollic-eabi/lib/armv7e-m/fpu\libc.a(lib_a-strlen.o)
 .ARM.attributes
                0x000004b4       0x34 c:/program files (x86)/atollic/truestudio for stm32 9.3.0/armtools/bin/../lib/gcc/arm-atollic-eabi/6.3.1/../../../../arm-atollic-eabi/lib/armv7e-m/fpu\libc.a(lib_a-strncmp.o)
 .ARM.attributes
                0x000004e8       0x34 c:/program files (x86)/atollic/truestudio for stm32 9.3.0/armtools/bin/../lib/gcc/arm-atollic-eabi/6.3.1/../../../../arm-atollic-eabi/lib/armv7e-m/fpu\libc.a(lib_a-strtod.o)
 .ARM.attributes
                0x0000051c       0x34 c:/program files (x86)/atollic/truestudio for stm32 9.3.0/armtools/bin/../lib/gcc/arm-atollic-eabi/6.3.1/../../../../arm-atollic-eabi/lib/armv7e-m/fpu\libc.a(lib_a-strtol.o)
 .ARM.attributes
                0x00000550       0x34 c:/program files (x86)/atollic/truestudio for stm32 9.3.0/armtools/bin/../lib/gcc/arm-atollic-eabi/6.3.1/../../../../arm-atollic-eabi/lib/armv7e-m/fpu\libc.a(lib_a-svfprintf.o)
 .ARM.attributes
                0x00000584       0x34 c:/program files (x86)/atollic/truestudio for stm32 9.3.0/armtools/bin/../lib/gcc/arm-atollic-eabi/6.3.1/../../../../arm-atollic-eabi/lib/armv7e-m/fpu\libc.a(lib_a-dtoa.o)
 .ARM.attributes
                0x000005b8       0x34 c:/program files (x86)/atollic/truestudio for stm32 9.3.0/armtools/bin/../lib/gcc/arm-atollic-eabi/6.3.1/../../../../arm-atollic-eabi/lib/armv7e-m/fpu\libc.a(lib_a-gdtoa-gethex.o)
 .ARM.attributes
                0x000005ec       0x34 c:/program files (x86)/atollic/truestudio for stm32 9.3.0/armtools/bin/../lib/gcc/arm-atollic-eabi/6.3.1/../../../../arm-atollic-eabi/lib/armv7e-m/fpu\libc.a(lib_a-gdtoa-hexnan.o)
 .ARM.attributes
                0x00000620       0x34 c:/program files (x86)/atollic/truestudio for stm32 9.3.0/armtools/bin/../lib/gcc/arm-atollic-eabi/6.3.1/../../../../arm-atollic-eabi/lib/armv7e-m/fpu\libc.a(lib_a-impure.o)
 .ARM.attributes
                0x00000654       0x34 c:/program files (x86)/atollic/truestudio for stm32 9.3.0/armtools/bin/../lib/gcc/arm-atollic-eabi/6.3.1/../../../../arm-atollic-eabi/lib/armv7e-m/fpu\libc.a(lib_a-locale.o)
 .ARM.attributes
                0x00000688       0x34 c:/program files (x86)/atollic/truestudio for stm32 9.3.0/armtools/bin/../lib/gcc/arm-atollic-eabi/6.3.1/../../../../arm-atollic-eabi/lib/armv7e-m/fpu\libc.a(lib_a-localeconv.o)
 .ARM.attributes
                0x000006bc       0x34 c:/program files (x86)/atollic/truestudio for stm32 9.3.0/armtools/bin/../lib/gcc/arm-atollic-eabi/6.3.1/../../../../arm-atollic-eabi/lib/armv7e-m/fpu\libc.a(lib_a-malloc.o)
 .ARM.attributes
                0x000006f0       0x34 c:/program files (x86)/atollic/truestudio for stm32 9.3.0/armtools/bin/../lib/gcc/arm-atollic-eabi/6.3.1/../../../../arm-atollic-eabi/lib/armv7e-m/fpu\libc.a(lib_a-mallocr.o)
 .ARM.attributes
                0x00000724       0x34 c:/program files (x86)/atollic/truestudio for stm32 9.3.0/armtools/bin/../lib/gcc/arm-atollic-eabi/6.3.1/../../../../arm-atollic-eabi/lib/armv7e-m/fpu\libc.a(lib_a-mbtowc_r.o)
 .ARM.attributes
                0x00000758       0x20 c:/program files (x86)/atollic/truestudio for stm32 9.3.0/armtools/bin/../lib/gcc/arm-atollic-eabi/6.3.1/../../../../arm-atollic-eabi/lib/armv7e-m/fpu\libc.a(lib_a-memchr.o)
 .ARM.attributes
                0x00000778       0x34 c:/program files (x86)/atollic/truestudio for stm32 9.3.0/armtools/bin/../lib/gcc/arm-atollic-eabi/6.3.1/../../../../arm-atollic-eabi/lib/armv7e-m/fpu\libc.a(lib_a-memcpy-stub.o)
 .ARM.attributes
                0x000007ac       0x34 c:/program files (x86)/atollic/truestudio for stm32 9.3.0/armtools/bin/../lib/gcc/arm-atollic-eabi/6.3.1/../../../../arm-atollic-eabi/lib/armv7e-m/fpu\libc.a(lib_a-mlock.o)
 .ARM.attributes
                0x000007e0       0x34 c:/program files (x86)/atollic/truestudio for stm32 9.3.0/armtools/bin/../lib/gcc/arm-atollic-eabi/6.3.1/../../../../arm-atollic-eabi/lib/armv7e-m/fpu\libc.a(lib_a-mprec.o)
 .ARM.attributes
                0x00000814       0x34 c:/program files (x86)/atollic/truestudio for stm32 9.3.0/armtools/bin/../lib/gcc/arm-atollic-eabi/6.3.1/../../../../arm-atollic-eabi/lib/armv7e-m/fpu\libc.a(lib_a-sbrkr.o)
 .ARM.attributes
                0x00000848       0x34 c:/program files (x86)/atollic/truestudio for stm32 9.3.0/armtools/bin/../lib/gcc/arm-atollic-eabi/6.3.1/../../../../arm-atollic-eabi/lib/armv7e-m/fpu\libc.a(lib_a-svfiprintf.o)
 .ARM.attributes
                0x0000087c       0x34 c:/program files (x86)/atollic/truestudio for stm32 9.3.0/armtools/bin/../lib/gcc/arm-atollic-eabi/6.3.1/../../../../arm-atollic-eabi/lib/armv7e-m/fpu\libc.a(lib_a-wctomb_r.o)
 .ARM.attributes
                0x000008b0       0x34 c:/program files (x86)/atollic/truestudio for stm32 9.3.0/armtools/bin/../lib/gcc/arm-atollic-eabi/6.3.1/../../../../arm-atollic-eabi/lib/armv7e-m/fpu\libc.a(lib_a-callocr.o)
 .ARM.attributes
                0x000008e4       0x34 c:/program files (x86)/atollic/truestudio for stm32 9.3.0/armtools/bin/../lib/gcc/arm-atollic-eabi/6.3.1/../../../../arm-atollic-eabi/lib/armv7e-m/fpu\libc.a(lib_a-ctype_.o)
 .ARM.attributes
                0x00000918       0x34 c:/program files (x86)/atollic/truestudio for stm32 9.3.0/armtools/bin/../lib/gcc/arm-atollic-eabi/6.3.1/../../../../arm-atollic-eabi/lib/armv7e-m/fpu\libc.a(lib_a-freer.o)
 .ARM.attributes
                0x0000094c       0x34 c:/program files (x86)/atollic/truestudio for stm32 9.3.0/armtools/bin/../lib/gcc/arm-atollic-eabi/6.3.1/../../../../arm-atollic-eabi/lib/armv7e-m/fpu\libc.a(lib_a-lock.o)
 .ARM.attributes
                0x00000980       0x34 c:/program files (x86)/atollic/truestudio for stm32 9.3.0/armtools/bin/../lib/gcc/arm-atollic-eabi/6.3.1/../../../../arm-atollic-eabi/lib/armv7e-m/fpu\libc.a(lib_a-memmove.o)
 .ARM.attributes
                0x000009b4       0x34 c:/program files (x86)/atollic/truestudio for stm32 9.3.0/armtools/bin/../lib/gcc/arm-atollic-eabi/6.3.1/../../../../arm-atollic-eabi/lib/armv7e-m/fpu\libc.a(lib_a-reallocr.o)
 .ARM.attributes
                0x000009e8       0x34 c:/program files (x86)/atollic/truestudio for stm32 9.3.0/armtools/bin/../lib/gcc/arm-atollic-eabi/6.3.1/../../../../arm-atollic-eabi/lib/armv7e-m/fpu\libc.a(lib_a-reent.o)
 .ARM.attributes
                0x00000a1c       0x22 c:/program files (x86)/atollic/truestudio for stm32 9.3.0/armtools/bin/../lib/gcc/arm-atollic-eabi/6.3.1/armv7e-m/fpu\libgcc.a(_arm_addsubdf3.o)
 .ARM.attributes
                0x00000a3e       0x22 c:/program files (x86)/atollic/truestudio for stm32 9.3.0/armtools/bin/../lib/gcc/arm-atollic-eabi/6.3.1/armv7e-m/fpu\libgcc.a(_arm_muldivdf3.o)
 .ARM.attributes
                0x00000a60       0x22 c:/program files (x86)/atollic/truestudio for stm32 9.3.0/armtools/bin/../lib/gcc/arm-atollic-eabi/6.3.1/armv7e-m/fpu\libgcc.a(_arm_cmpdf2.o)
 .ARM.attributes
                0x00000a82       0x22 c:/program files (x86)/atollic/truestudio for stm32 9.3.0/armtools/bin/../lib/gcc/arm-atollic-eabi/6.3.1/armv7e-m/fpu\libgcc.a(_arm_unorddf2.o)
 .ARM.attributes
                0x00000aa4       0x22 c:/program files (x86)/atollic/truestudio for stm32 9.3.0/armtools/bin/../lib/gcc/arm-atollic-eabi/6.3.1/armv7e-m/fpu\libgcc.a(_arm_fixdfsi.o)
 .ARM.attributes
                0x00000ac6       0x22 c:/program files (x86)/atollic/truestudio for stm32 9.3.0/armtools/bin/../lib/gcc/arm-atollic-eabi/6.3.1/armv7e-m/fpu\libgcc.a(_arm_fixunsdfsi.o)
 .ARM.attributes
                0x00000ae8       0x22 c:/program files (x86)/atollic/truestudio for stm32 9.3.0/armtools/bin/../lib/gcc/arm-atollic-eabi/6.3.1/armv7e-m/fpu\libgcc.a(_arm_truncdfsf2.o)
 .ARM.attributes
                0x00000b0a       0x22 c:/program files (x86)/atollic/truestudio for stm32 9.3.0/armtools/bin/../lib/gcc/arm-atollic-eabi/6.3.1/armv7e-m/fpu\libgcc.a(_aeabi_uldivmod.o)
 .ARM.attributes
                0x00000b2c       0x34 c:/program files (x86)/atollic/truestudio for stm32 9.3.0/armtools/bin/../lib/gcc/arm-atollic-eabi/6.3.1/armv7e-m/fpu\libgcc.a(_udivmoddi4.o)
 .ARM.attributes
                0x00000b60       0x22 c:/program files (x86)/atollic/truestudio for stm32 9.3.0/armtools/bin/../lib/gcc/arm-atollic-eabi/6.3.1/armv7e-m/fpu\libgcc.a(_dvmd_tls.o)
 .ARM.attributes
                0x00000b82       0x34 c:/program files (x86)/atollic/truestudio for stm32 9.3.0/armtools/bin/../lib/gcc/arm-atollic-eabi/6.3.1/../../../../arm-atollic-eabi/lib/armv7e-m/fpu\libnosys.a(sbrk.o)
 .ARM.attributes
                0x00000bb6       0x22 c:/program files (x86)/atollic/truestudio for stm32 9.3.0/armtools/bin/../lib/gcc/arm-atollic-eabi/6.3.1/armv7e-m/fpu/crtn.o
OUTPUT(D_programMAG.elf elf32-littlearm)

.debug_info     0x00000000     0xb70d
 .debug_info    0x00000000      0x54d Libraries\STM32F4xx_StdPeriph_Driver\src\misc.o
 .debug_info    0x0000054d      0xc4f Libraries\STM32F4xx_StdPeriph_Driver\src\stm32f4xx_adc.o
 .debug_info    0x0000119c      0x366 Libraries\STM32F4xx_StdPeriph_Driver\src\stm32f4xx_exti.o
 .debug_info    0x00001502      0x628 Libraries\STM32F4xx_StdPeriph_Driver\src\stm32f4xx_gpio.o
 .debug_info    0x00001b2a      0xc98 Libraries\STM32F4xx_StdPeriph_Driver\src\stm32f4xx_rcc.o
 .debug_info    0x000027c2      0x283 Libraries\STM32F4xx_StdPeriph_Driver\src\stm32f4xx_syscfg.o
 .debug_info    0x00002a45     0x1c74 Libraries\STM32F4xx_StdPeriph_Driver\src\stm32f4xx_tim.o
 .debug_info    0x000046b9      0x9d5 Libraries\STM32F4xx_StdPeriph_Driver\src\stm32f4xx_usart.o
 .debug_info    0x0000508e     0x2628 src\main.o
 .debug_info    0x000076b6     0x1508 src\pwm.o
 .debug_info    0x00008bbe       0x99 src\startup_stm32f40xx.o
 .debug_info    0x00008c57     0x1275 src\stm32f4xx_it.o
 .debug_info    0x00009ecc      0x5dd src\system_stm32f4xx.o
 .debug_info    0x0000a4a9      0xa1c src\tm_stm32f4_adc.o
 .debug_info    0x0000aec5      0x848 src\tm_stm32f4_gpio.o

.debug_abbrev   0x00000000     0x1a78
 .debug_abbrev  0x00000000      0x172 Libraries\STM32F4xx_StdPeriph_Driver\src\misc.o
 .debug_abbrev  0x00000172      0x1ab Libraries\STM32F4xx_StdPeriph_Driver\src\stm32f4xx_adc.o
 .debug_abbrev  0x0000031d      0x1bc Libraries\STM32F4xx_StdPeriph_Driver\src\stm32f4xx_exti.o
 .debug_abbrev  0x000004d9      0x1b8 Libraries\STM32F4xx_StdPeriph_Driver\src\stm32f4xx_gpio.o
 .debug_abbrev  0x00000691      0x1f8 Libraries\STM32F4xx_StdPeriph_Driver\src\stm32f4xx_rcc.o
 .debug_abbrev  0x00000889      0x146 Libraries\STM32F4xx_StdPeriph_Driver\src\stm32f4xx_syscfg.o
 .debug_abbrev  0x000009cf      0x19a Libraries\STM32F4xx_StdPeriph_Driver\src\stm32f4xx_tim.o
 .debug_abbrev  0x00000b69      0x182 Libraries\STM32F4xx_StdPeriph_Driver\src\stm32f4xx_usart.o
 .debug_abbrev  0x00000ceb      0x3e2 src\main.o
 .debug_abbrev  0x000010cd      0x274 src\pwm.o
 .debug_abbrev  0x00001341       0x12 src\startup_stm32f40xx.o
 .debug_abbrev  0x00001353      0x29f src\stm32f4xx_it.o
 .debug_abbrev  0x000015f2      0x158 src\system_stm32f4xx.o
 .debug_abbrev  0x0000174a      0x1b2 src\tm_stm32f4_adc.o
 .debug_abbrev  0x000018fc      0x17c src\tm_stm32f4_gpio.o

.debug_aranges  0x00000000      0xca8
 .debug_aranges
                0x00000000       0x40 Libraries\STM32F4xx_StdPeriph_Driver\src\misc.o
 .debug_aranges
                0x00000040      0x148 Libraries\STM32F4xx_StdPeriph_Driver\src\stm32f4xx_adc.o
 .debug_aranges
                0x00000188       0x58 Libraries\STM32F4xx_StdPeriph_Driver\src\stm32f4xx_exti.o
 .debug_aranges
                0x000001e0       0x88 Libraries\STM32F4xx_StdPeriph_Driver\src\stm32f4xx_gpio.o
 .debug_aranges
                0x00000268      0x180 Libraries\STM32F4xx_StdPeriph_Driver\src\stm32f4xx_rcc.o
 .debug_aranges
                0x000003e8       0x48 Libraries\STM32F4xx_StdPeriph_Driver\src\stm32f4xx_syscfg.o
 .debug_aranges
                0x00000430      0x2f8 Libraries\STM32F4xx_StdPeriph_Driver\src\stm32f4xx_tim.o
 .debug_aranges
                0x00000728      0x100 Libraries\STM32F4xx_StdPeriph_Driver\src\stm32f4xx_usart.o
 .debug_aranges
                0x00000828      0x120 src\main.o
 .debug_aranges
                0x00000948      0x120 src\pwm.o
 .debug_aranges
                0x00000a68       0x28 src\startup_stm32f40xx.o
 .debug_aranges
                0x00000a90       0x80 src\stm32f4xx_it.o
 .debug_aranges
                0x00000b10       0x30 src\system_stm32f4xx.o
 .debug_aranges
                0x00000b40       0xd0 src\tm_stm32f4_adc.o
 .debug_aranges
                0x00000c10       0x98 src\tm_stm32f4_gpio.o

.debug_ranges   0x00000000      0xc68
 .debug_ranges  0x00000000       0x30 Libraries\STM32F4xx_StdPeriph_Driver\src\misc.o
 .debug_ranges  0x00000030      0x138 Libraries\STM32F4xx_StdPeriph_Driver\src\stm32f4xx_adc.o
 .debug_ranges  0x00000168       0x48 Libraries\STM32F4xx_StdPeriph_Driver\src\stm32f4xx_exti.o
 .debug_ranges  0x000001b0       0x78 Libraries\STM32F4xx_StdPeriph_Driver\src\stm32f4xx_gpio.o
 .debug_ranges  0x00000228      0x170 Libraries\STM32F4xx_StdPeriph_Driver\src\stm32f4xx_rcc.o
 .debug_ranges  0x00000398       0x38 Libraries\STM32F4xx_StdPeriph_Driver\src\stm32f4xx_syscfg.o
 .debug_ranges  0x000003d0      0x2e8 Libraries\STM32F4xx_StdPeriph_Driver\src\stm32f4xx_tim.o
 .debug_ranges  0x000006b8       0xf0 Libraries\STM32F4xx_StdPeriph_Driver\src\stm32f4xx_usart.o
 .debug_ranges  0x000007a8      0x128 src\main.o
 .debug_ranges  0x000008d0      0x110 src\pwm.o
 .debug_ranges  0x000009e0       0x20 src\startup_stm32f40xx.o
 .debug_ranges  0x00000a00      0x100 src\stm32f4xx_it.o
 .debug_ranges  0x00000b00       0x20 src\system_stm32f4xx.o
 .debug_ranges  0x00000b20       0xc0 src\tm_stm32f4_adc.o
 .debug_ranges  0x00000be0       0x88 src\tm_stm32f4_gpio.o

.debug_line     0x00000000     0x4862
 .debug_line    0x00000000      0x253 Libraries\STM32F4xx_StdPeriph_Driver\src\misc.o
 .debug_line    0x00000253      0x572 Libraries\STM32F4xx_StdPeriph_Driver\src\stm32f4xx_adc.o
 .debug_line    0x000007c5      0x2b6 Libraries\STM32F4xx_StdPeriph_Driver\src\stm32f4xx_exti.o
 .debug_line    0x00000a7b      0x375 Libraries\STM32F4xx_StdPeriph_Driver\src\stm32f4xx_gpio.o
 .debug_line    0x00000df0      0x5cd Libraries\STM32F4xx_StdPeriph_Driver\src\stm32f4xx_rcc.o
 .debug_line    0x000013bd      0x22e Libraries\STM32F4xx_StdPeriph_Driver\src\stm32f4xx_syscfg.o
 .debug_line    0x000015eb      0xad6 Libraries\STM32F4xx_StdPeriph_Driver\src\stm32f4xx_tim.o
 .debug_line    0x000020c1      0x4df Libraries\STM32F4xx_StdPeriph_Driver\src\stm32f4xx_usart.o
 .debug_line    0x000025a0      0xc97 src\main.o
 .debug_line    0x00003237      0x5d9 src\pwm.o
 .debug_line    0x00003810       0x7a src\startup_stm32f40xx.o
 .debug_line    0x0000388a      0x619 src\stm32f4xx_it.o
 .debug_line    0x00003ea3      0x219 src\system_stm32f4xx.o
 .debug_line    0x000040bc      0x430 src\tm_stm32f4_adc.o
 .debug_line    0x000044ec      0x376 src\tm_stm32f4_gpio.o

.debug_str      0x00000000     0x403c
 .debug_str     0x00000000      0x421 Libraries\STM32F4xx_StdPeriph_Driver\src\misc.o
                                0x475 (size before relaxing)
 .debug_str     0x00000421      0x647 Libraries\STM32F4xx_StdPeriph_Driver\src\stm32f4xx_adc.o
                                0x8ab (size before relaxing)
 .debug_str     0x00000a68      0x1c0 Libraries\STM32F4xx_StdPeriph_Driver\src\stm32f4xx_exti.o
                                0x400 (size before relaxing)
 .debug_str     0x00000c28      0x281 Libraries\STM32F4xx_StdPeriph_Driver\src\stm32f4xx_gpio.o
                                0x54a (size before relaxing)
 .debug_str     0x00000ea9      0x665 Libraries\STM32F4xx_StdPeriph_Driver\src\stm32f4xx_rcc.o
                                0x920 (size before relaxing)
 .debug_str     0x0000150e      0x156 Libraries\STM32F4xx_StdPeriph_Driver\src\stm32f4xx_syscfg.o
                                0x39b (size before relaxing)
 .debug_str     0x00001664      0xb7c Libraries\STM32F4xx_StdPeriph_Driver\src\stm32f4xx_tim.o
                                0xe77 (size before relaxing)
 .debug_str     0x000021e0      0x423 Libraries\STM32F4xx_StdPeriph_Driver\src\stm32f4xx_usart.o
                                0x736 (size before relaxing)
 .debug_str     0x00002603      0xfe9 src\main.o
                               0x17b4 (size before relaxing)
 .debug_str     0x000035ec      0x2be src\pwm.o
                                0xc6b (size before relaxing)
 .debug_str     0x000038aa      0x1ab src\stm32f4xx_it.o
                                0x964 (size before relaxing)
 .debug_str     0x00003a55       0x8f src\system_stm32f4xx.o
                                0x429 (size before relaxing)
 .debug_str     0x00003ae4      0x39f src\tm_stm32f4_adc.o
                                0x97b (size before relaxing)
 .debug_str     0x00003e83      0x1b9 src\tm_stm32f4_gpio.o
                                0x634 (size before relaxing)

.comment        0x00000000       0x7c
 .comment       0x00000000       0x7c Libraries\STM32F4xx_StdPeriph_Driver\src\misc.o
                                 0x7d (size before relaxing)
 .comment       0x0000007c       0x7d Libraries\STM32F4xx_StdPeriph_Driver\src\stm32f4xx_adc.o
 .comment       0x0000007c       0x7d Libraries\STM32F4xx_StdPeriph_Driver\src\stm32f4xx_exti.o
 .comment       0x0000007c       0x7d Libraries\STM32F4xx_StdPeriph_Driver\src\stm32f4xx_gpio.o
 .comment       0x0000007c       0x7d Libraries\STM32F4xx_StdPeriph_Driver\src\stm32f4xx_rcc.o
 .comment       0x0000007c       0x7d Libraries\STM32F4xx_StdPeriph_Driver\src\stm32f4xx_syscfg.o
 .comment       0x0000007c       0x7d Libraries\STM32F4xx_StdPeriph_Driver\src\stm32f4xx_tim.o
 .comment       0x0000007c       0x7d Libraries\STM32F4xx_StdPeriph_Driver\src\stm32f4xx_usart.o
 .comment       0x0000007c       0x7d src\main.o
 .comment       0x0000007c       0x7d src\pwm.o
 .comment       0x0000007c       0x7d src\stm32f4xx_it.o
 .comment       0x0000007c       0x7d src\system_stm32f4xx.o
 .comment       0x0000007c       0x7d src\tm_stm32f4_adc.o
 .comment       0x0000007c       0x7d src\tm_stm32f4_gpio.o

.debug_frame    0x00000000     0x4460
 .debug_frame   0x00000000       0xd8 Libraries\STM32F4xx_StdPeriph_Driver\src\misc.o
 .debug_frame   0x000000d8      0x5ec Libraries\STM32F4xx_StdPeriph_Driver\src\stm32f4xx_adc.o
 .debug_frame   0x000006c4      0x148 Libraries\STM32F4xx_StdPeriph_Driver\src\stm32f4xx_exti.o
 .debug_frame   0x0000080c      0x23c Libraries\STM32F4xx_StdPeriph_Driver\src\stm32f4xx_gpio.o
 .debug_frame   0x00000a48      0x6fc Libraries\STM32F4xx_StdPeriph_Driver\src\stm32f4xx_rcc.o
 .debug_frame   0x00001144       0xf4 Libraries\STM32F4xx_StdPeriph_Driver\src\stm32f4xx_syscfg.o
 .debug_frame   0x00001238      0xe54 Libraries\STM32F4xx_StdPeriph_Driver\src\stm32f4xx_tim.o
 .debug_frame   0x0000208c      0x490 Libraries\STM32F4xx_StdPeriph_Driver\src\stm32f4xx_usart.o
 .debug_frame   0x0000251c      0x4cc src\main.o
 .debug_frame   0x000029e8      0x474 src\pwm.o
 .debug_frame   0x00002e5c      0x1a8 src\stm32f4xx_it.o
 .debug_frame   0x00003004       0x7c src\system_stm32f4xx.o
 .debug_frame   0x00003080      0x344 src\tm_stm32f4_adc.o
 .debug_frame   0x000033c4      0x274 src\tm_stm32f4_gpio.o
 .debug_frame   0x00003638       0x30 c:/program files (x86)/atollic/truestudio for stm32 9.3.0/armtools/bin/../lib/gcc/arm-atollic-eabi/6.3.1/../../../../arm-atollic-eabi/lib/armv7e-m/fpu\libc.a(lib_a-atoi.o)
 .debug_frame   0x00003668       0x2c c:/program files (x86)/atollic/truestudio for stm32 9.3.0/armtools/bin/../lib/gcc/arm-atollic-eabi/6.3.1/../../../../arm-atollic-eabi/lib/armv7e-m/fpu\libc.a(lib_a-init.o)
 .debug_frame   0x00003694       0x20 c:/program files (x86)/atollic/truestudio for stm32 9.3.0/armtools/bin/../lib/gcc/arm-atollic-eabi/6.3.1/../../../../arm-atollic-eabi/lib/armv7e-m/fpu\libc.a(lib_a-memset.o)
 .debug_frame   0x000036b4       0x70 c:/program files (x86)/atollic/truestudio for stm32 9.3.0/armtools/bin/../lib/gcc/arm-atollic-eabi/6.3.1/../../../../arm-atollic-eabi/lib/armv7e-m/fpu\libc.a(lib_a-sprintf.o)
 .debug_frame   0x00003724       0x2c c:/program files (x86)/atollic/truestudio for stm32 9.3.0/armtools/bin/../lib/gcc/arm-atollic-eabi/6.3.1/../../../../arm-atollic-eabi/lib/armv7e-m/fpu\libc.a(lib_a-strcspn.o)
 .debug_frame   0x00003750       0x28 c:/program files (x86)/atollic/truestudio for stm32 9.3.0/armtools/bin/../lib/gcc/arm-atollic-eabi/6.3.1/../../../../arm-atollic-eabi/lib/armv7e-m/fpu\libc.a(lib_a-strncmp.o)
 .debug_frame   0x00003778      0x12c c:/program files (x86)/atollic/truestudio for stm32 9.3.0/armtools/bin/../lib/gcc/arm-atollic-eabi/6.3.1/../../../../arm-atollic-eabi/lib/armv7e-m/fpu\libc.a(lib_a-strtod.o)
 .debug_frame   0x000038a4       0x88 c:/program files (x86)/atollic/truestudio for stm32 9.3.0/armtools/bin/../lib/gcc/arm-atollic-eabi/6.3.1/../../../../arm-atollic-eabi/lib/armv7e-m/fpu\libc.a(lib_a-strtol.o)
 .debug_frame   0x0000392c       0x40 c:/program files (x86)/atollic/truestudio for stm32 9.3.0/armtools/bin/../lib/gcc/arm-atollic-eabi/6.3.1/../../../../arm-atollic-eabi/lib/armv7e-m/fpu\libc.a(lib_a-svfprintf.o)
 .debug_frame   0x0000396c       0x6c c:/program files (x86)/atollic/truestudio for stm32 9.3.0/armtools/bin/../lib/gcc/arm-atollic-eabi/6.3.1/../../../../arm-atollic-eabi/lib/armv7e-m/fpu\libc.a(lib_a-dtoa.o)
 .debug_frame   0x000039d8       0x70 c:/program files (x86)/atollic/truestudio for stm32 9.3.0/armtools/bin/../lib/gcc/arm-atollic-eabi/6.3.1/../../../../arm-atollic-eabi/lib/armv7e-m/fpu\libc.a(lib_a-gdtoa-gethex.o)
 .debug_frame   0x00003a48       0x74 c:/program files (x86)/atollic/truestudio for stm32 9.3.0/armtools/bin/../lib/gcc/arm-atollic-eabi/6.3.1/../../../../arm-atollic-eabi/lib/armv7e-m/fpu\libc.a(lib_a-gdtoa-hexnan.o)
 .debug_frame   0x00003abc       0x68 c:/program files (x86)/atollic/truestudio for stm32 9.3.0/armtools/bin/../lib/gcc/arm-atollic-eabi/6.3.1/../../../../arm-atollic-eabi/lib/armv7e-m/fpu\libc.a(lib_a-locale.o)
 .debug_frame   0x00003b24       0x40 c:/program files (x86)/atollic/truestudio for stm32 9.3.0/armtools/bin/../lib/gcc/arm-atollic-eabi/6.3.1/../../../../arm-atollic-eabi/lib/armv7e-m/fpu\libc.a(lib_a-localeconv.o)
 .debug_frame   0x00003b64       0x30 c:/program files (x86)/atollic/truestudio for stm32 9.3.0/armtools/bin/../lib/gcc/arm-atollic-eabi/6.3.1/../../../../arm-atollic-eabi/lib/armv7e-m/fpu\libc.a(lib_a-malloc.o)
 .debug_frame   0x00003b94       0x40 c:/program files (x86)/atollic/truestudio for stm32 9.3.0/armtools/bin/../lib/gcc/arm-atollic-eabi/6.3.1/../../../../arm-atollic-eabi/lib/armv7e-m/fpu\libc.a(lib_a-mallocr.o)
 .debug_frame   0x00003bd4       0x48 c:/program files (x86)/atollic/truestudio for stm32 9.3.0/armtools/bin/../lib/gcc/arm-atollic-eabi/6.3.1/../../../../arm-atollic-eabi/lib/armv7e-m/fpu\libc.a(lib_a-mbtowc_r.o)