core_cm4.h:1535:22:NVIC_SetPriority	16	static
core_cm4.h:1662:26:SysTick_Config	16	static
main.c:115:6:pos_curr_measure	40	static
main.c:176:6:act_move	24	static
main.c:256:6:act_cal	48	static
main.c:354:6:setup_Periph1	40	static
main.c:390:6:setup_Periph2	40	static
main.c:426:6:setup_Periph3	40	static
main.c:462:6:USART_puts	16	static
main.c:473:6:sensUSART_puts	16	static
main.c:481:6:modemUSART_puts	16	static
main.c:494:6:endSwitch_GPIO	16	static
main.c:510:6:fan_sensor_GPIO	16	static
main.c:527:6:modem_GPIO	16	static
main.c:544:6:init_curr_ADC	16	static
main.c:566:6:systickInit	32	static
main.c:577:6:SysTick_Handler	4	static
main.c:584:10:millis	4	static
main.c:592:6:delay_ms	24	static
main.c:603:6:interrupt1	32	static
main.c:632:6:encoderDirection	16	static
main.c:646:6:disableInterrupt1	24	static
main.c:658:6:dcCalib	32	static
main.c:741:6:dcPosition	24	static
main.c:798:6:initOneMeasure	40	static
main.c:840:6:readSensVal	48	static
main.c:876:6:modemOn	16	static
main.c:899:6:modemFeedbackCheck	24	static
main.c:931:6:modemAPN	8	static
main.c:997:6:openAPN	16	static
main.c:1009:6:modemCLK	8	static
main.c:1046:6:FTP	408	static
main.c:1226:1:main	360	dynamic
