pwm.c:14:6:timer2Start	8	static
pwm.c:18:6:timer2Stop	8	static
pwm.c:22:6:timer3Start	8	static
pwm.c:26:6:timer3Stop	8	static
pwm.c:30:6:timer4Start	8	static
pwm.c:34:6:timer4Stop	8	static
pwm.c:39:6:timer9Start	8	static
pwm.c:43:6:timer9Stop	8	static
pwm.c:47:6:timer2Init	32	static
pwm.c:59:6:timer3Init	32	static
pwm.c:71:6:timer4Init	24	static
pwm.c:82:6:timer9Init	32	static
pwm.c:94:6:pwmInit1	48	static
pwm.c:115:6:pwmInit2	48	static
pwm.c:135:6:pwmInit3	48	static
pwm.c:156:6:pwmInit4	48	static
pwm.c:176:6:pwmInit5	48	static
pwm.c:199:6:pwmInit6	48	static
pwm.c:219:6:pwmInit7	48	static
pwm.c:239:6:pwmInit8	48	static
pwm.c:260:6:pwmInit9	40	static
pwm.c:278:6:pwmInit10	40	static
pwm.c:298:6:pwmOutInit1	16	static
pwm.c:309:6:pwmOutInit2	16	static
pwm.c:320:6:pwmOutInit3	16	static
pwm.c:331:6:pwmOutInit4	16	static
pwm.c:342:6:pwmOutInitDC	16	static
pwm.c:354:6:init_pwm_GPIO	24	static
pwm.c:376:6:linAct1	24	static
pwm.c:402:6:linAct2	24	static
pwm.c:423:6:linAct3	24	static
pwm.c:444:6:linAct4	24	static
pwm.c:464:6:dcMove	16	static
